Archive member included to satisfy reference by file (symbol)

/opt/microchip/xc8/v2.05/avr/bin/../lib/gcc/avr/5.4.0/avr5/libgcc.a(_udivmodsi4.o)
                              ./mcal/usart/usart.o (__udivmodsi4)
/opt/microchip/xc8/v2.05/avr/bin/../lib/gcc/avr/5.4.0/avr5/libgcc.a(_exit.o)
                              /opt/microchip/xc8/v2.05/avr/bin/../lib/gcc/avr/5.4.0/../../../../avr/lib/avr5/crtatmega328p.o (exit)
/opt/microchip/xc8/v2.05/avr/bin/../lib/gcc/avr/5.4.0/avr5/libgcc.a(_copy_data.o)
                              ./hal/seven_segment/seven_seg.o (__do_copy_data)
/opt/microchip/xc8/v2.05/avr/bin/../lib/gcc/avr/5.4.0/../../../../avr/lib/avr5/libm.a(fixunssfsi.o)
                              ./mcal/timer1_pwm/timer1_pwm.o (__fixunssfsi)
/opt/microchip/xc8/v2.05/avr/bin/../lib/gcc/avr/5.4.0/../../../../avr/lib/avr5/libm.a(floatsisf.o)
                              ./mcal/timer1_pwm/timer1_pwm.o (__floatunsisf)
/opt/microchip/xc8/v2.05/avr/bin/../lib/gcc/avr/5.4.0/../../../../avr/lib/avr5/libm.a(fp_split3.o)
                              /opt/microchip/xc8/v2.05/avr/bin/../lib/gcc/avr/5.4.0/../../../../avr/lib/avr5/libm.a(fixunssfsi.o) (__fp_splitA)
/opt/microchip/xc8/v2.05/avr/bin/../lib/gcc/avr/5.4.0/../../../../avr/lib/avr5/libm.a(fp_zero.o)
                              /opt/microchip/xc8/v2.05/avr/bin/../lib/gcc/avr/5.4.0/../../../../avr/lib/avr5/libm.a(fixunssfsi.o) (__fp_zero)
/opt/microchip/xc8/v2.05/avr/bin/../lib/gcc/avr/5.4.0/../../../../avr/lib/avr5/libm.a(mulsf3.o)
                              ./mcal/timer1_pwm/timer1_pwm.o (__mulsf3)
/opt/microchip/xc8/v2.05/avr/bin/../lib/gcc/avr/5.4.0/../../../../avr/lib/avr5/libm.a(mulsf3x.o)
                              /opt/microchip/xc8/v2.05/avr/bin/../lib/gcc/avr/5.4.0/../../../../avr/lib/avr5/libm.a(mulsf3.o) (__mulsf3x)
/opt/microchip/xc8/v2.05/avr/bin/../lib/gcc/avr/5.4.0/../../../../avr/lib/avr5/libm.a(fp_inf.o)
                              /opt/microchip/xc8/v2.05/avr/bin/../lib/gcc/avr/5.4.0/../../../../avr/lib/avr5/libm.a(mulsf3x.o) (__fp_inf)
/opt/microchip/xc8/v2.05/avr/bin/../lib/gcc/avr/5.4.0/../../../../avr/lib/avr5/libm.a(fp_nan.o)
                              /opt/microchip/xc8/v2.05/avr/bin/../lib/gcc/avr/5.4.0/../../../../avr/lib/avr5/libm.a(mulsf3x.o) (__fp_nan)
/opt/microchip/xc8/v2.05/avr/bin/../lib/gcc/avr/5.4.0/../../../../avr/lib/avr5/libm.a(fp_pscA.o)
                              /opt/microchip/xc8/v2.05/avr/bin/../lib/gcc/avr/5.4.0/../../../../avr/lib/avr5/libm.a(mulsf3x.o) (__fp_pscA)
/opt/microchip/xc8/v2.05/avr/bin/../lib/gcc/avr/5.4.0/../../../../avr/lib/avr5/libm.a(fp_pscB.o)
                              /opt/microchip/xc8/v2.05/avr/bin/../lib/gcc/avr/5.4.0/../../../../avr/lib/avr5/libm.a(mulsf3x.o) (__fp_pscB)
/opt/microchip/xc8/v2.05/avr/bin/../lib/gcc/avr/5.4.0/../../../../avr/lib/avr5/libm.a(fp_round.o)
                              /opt/microchip/xc8/v2.05/avr/bin/../lib/gcc/avr/5.4.0/../../../../avr/lib/avr5/libm.a(mulsf3.o) (__fp_round)
/opt/microchip/xc8/v2.05/avr/bin/../lib/gcc/avr/5.4.0/../../../../avr/lib/avr5/libc.a(itoa.o)
                              ./apps/fire_sensor.o (itoa)
/opt/microchip/xc8/v2.05/avr/bin/../lib/gcc/avr/5.4.0/../../../../avr/lib/avr5/libc.a(itoa_ncheck.o)
                              /opt/microchip/xc8/v2.05/avr/bin/../lib/gcc/avr/5.4.0/../../../../avr/lib/avr5/libc.a(itoa.o) (__itoa_ncheck)
/opt/microchip/xc8/v2.05/avr/bin/../lib/gcc/avr/5.4.0/../../../../avr/lib/avr5/libc.a(utoa.o)
                              ./apps/ultra_sonic.o (utoa)
/opt/microchip/xc8/v2.05/avr/bin/../lib/gcc/avr/5.4.0/../../../../avr/lib/avr5/libc.a(utoa_ncheck.o)
                              /opt/microchip/xc8/v2.05/avr/bin/../lib/gcc/avr/5.4.0/../../../../avr/lib/avr5/libc.a(utoa.o) (__utoa_ncheck)
/opt/microchip/xc8/v2.05/avr/bin/../lib/gcc/avr/5.4.0/../../../../avr/lib/avr5/libc.a(strrev.o)
                              /opt/microchip/xc8/v2.05/avr/bin/../lib/gcc/avr/5.4.0/../../../../avr/lib/avr5/libc.a(utoa_ncheck.o) (strrev)

Memory Configuration

Name             Origin             Length             Attributes
text             0x00000000         0x00008000         xr
data             0x00800100         0x00000800         rw !x
eeprom           0x00810000         0x00000400         rw !x
fuse             0x00820000         0x00000003         rw !x
lock             0x00830000         0x00000400         rw !x
signature        0x00840000         0x00000400         rw !x
user_signatures  0x00850000         0x00000400         rw !x
*default*        0x00000000         0xffffffff

Linker script and memory map

Address of section .data set to 0x800100
LOAD /opt/microchip/xc8/v2.05/avr/bin/../lib/gcc/avr/5.4.0/../../../../avr/lib/avr5/crtatmega328p.o
LOAD ./mcal/usart/usart.o
LOAD ./mcal/timer1_pwm/timer1_pwm.o
LOAD ./mcal/timer1/timer1.o
LOAD ./mcal/timer0/timer0.o
LOAD ./mcal/spi/spi.o
LOAD ./mcal/iic/iic.o
LOAD ./mcal/adc/adc.o
LOAD ./mcal/EEPROM/eeprom.o
LOAD ./mcal/DIO/Dio.o
LOAD ./hal/seven_segment/seven_seg.o
LOAD ./hal/lcd/lcd.o
LOAD ./hal/keypad/keypad.o
LOAD ./hal/h_bridge/h_bridge.o
LOAD ./apps/KeySafe/keysafe_app.o
LOAD ./apps/adc_app.o
LOAD ./apps/eeprom_app.o
LOAD ./apps/external_dac.o
LOAD ./apps/fire_sensor.o
LOAD ./apps/i2c_app.o
LOAD ./apps/input_output_task.o
LOAD ./apps/keypad_app.o
LOAD ./apps/lcd_app.o
LOAD ./apps/pwm_app.o
LOAD ./apps/robot_movement.o
LOAD ./apps/sevensegment_app.o
LOAD ./apps/spi_test_transmition.o
LOAD ./apps/timer0_test.o
LOAD ./apps/ultra_sonic.o
LOAD ./main.o
START GROUP
LOAD /opt/microchip/xc8/v2.05/avr/bin/../lib/gcc/avr/5.4.0/avr5/libgcc.a
LOAD /opt/microchip/xc8/v2.05/avr/bin/../lib/gcc/avr/5.4.0/../../../../avr/lib/avr5/libm.a
LOAD /opt/microchip/xc8/v2.05/avr/bin/../lib/gcc/avr/5.4.0/../../../../avr/lib/avr5/libc.a
LOAD /opt/microchip/xc8/v2.05/avr/bin/../lib/gcc/avr/5.4.0/../../../../avr/lib/avr5/libatmega328p.a
END GROUP
                0x00000000                __TEXT_REGION_ORIGIN__ = DEFINED (__TEXT_REGION_ORIGIN__)?__TEXT_REGION_ORIGIN__:0x0
                [0x00800100]                __DATA_REGION_ORIGIN__ = DEFINED (__DATA_REGION_ORIGIN__)?__DATA_REGION_ORIGIN__:0x800060
                [0x00008000]                __TEXT_REGION_LENGTH__ = DEFINED (__TEXT_REGION_LENGTH__)?__TEXT_REGION_LENGTH__:0x20000
                [0x00000800]                __DATA_REGION_LENGTH__ = DEFINED (__DATA_REGION_LENGTH__)?__DATA_REGION_LENGTH__:0xffa0
                [0x00000400]                __EEPROM_REGION_LENGTH__ = DEFINED (__EEPROM_REGION_LENGTH__)?__EEPROM_REGION_LENGTH__:0x10000
                [0x00000003]                __FUSE_REGION_LENGTH__ = DEFINED (__FUSE_REGION_LENGTH__)?__FUSE_REGION_LENGTH__:0x400
                0x00000400                __LOCK_REGION_LENGTH__ = DEFINED (__LOCK_REGION_LENGTH__)?__LOCK_REGION_LENGTH__:0x400
                0x00000400                __SIGNATURE_REGION_LENGTH__ = DEFINED (__SIGNATURE_REGION_LENGTH__)?__SIGNATURE_REGION_LENGTH__:0x400
                0x00000400                __USER_SIGNATURE_REGION_LENGTH__ = DEFINED (__USER_SIGNATURE_REGION_LENGTH__)?__USER_SIGNATURE_REGION_LENGTH__:0x400

.hash
 *(.hash)

.dynsym
 *(.dynsym)

.dynstr
 *(.dynstr)

.gnu.version
 *(.gnu.version)

.gnu.version_d
 *(.gnu.version_d)

.gnu.version_r
 *(.gnu.version_r)

.rel.init
 *(.rel.init)

.rela.init
 *(.rela.init)

.rel.text
 *(.rel.text)
 *(.rel.text.*)
 *(.rel.gnu.linkonce.t*)

.rela.text
 *(.rela.text)
 *(.rela.text.*)
 *(.rela.gnu.linkonce.t*)

.rel.fini
 *(.rel.fini)

.rela.fini
 *(.rela.fini)

.rel.rodata
 *(.rel.rodata)
 *(.rel.rodata.*)
 *(.rel.gnu.linkonce.r*)

.rela.rodata
 *(.rela.rodata)
 *(.rela.rodata.*)
 *(.rela.gnu.linkonce.r*)

.rel.data
 *(.rel.data)
 *(.rel.data.*)
 *(.rel.gnu.linkonce.d*)

.rela.data
 *(.rela.data)
 *(.rela.data.*)
 *(.rela.gnu.linkonce.d*)

.rel.ctors
 *(.rel.ctors)

.rela.ctors
 *(.rela.ctors)

.rel.dtors
 *(.rel.dtors)

.rela.dtors
 *(.rela.dtors)

.rel.got
 *(.rel.got)

.rela.got
 *(.rela.got)

.rel.bss
 *(.rel.bss)

.rela.bss
 *(.rela.bss)

.rel.plt
 *(.rel.plt)

.rela.plt
 *(.rela.plt)

.text           0x00000000       0xee
 *(.vectors)
 .vectors       0x00000000       0x68 /opt/microchip/xc8/v2.05/avr/bin/../lib/gcc/avr/5.4.0/../../../../avr/lib/avr5/crtatmega328p.o
                0x00000000                __vectors
                0x00000000                __vector_default
 *(.vectors)
 *(.progmem.gcc*)
 *(.dinit)
 .dinit         0x00000068       0x32 data_init
                0x0000009a                . = ALIGN (0x2)
                0x0000009a                __trampolines_start = .
 *(.trampolines)
 .trampolines   0x0000009a        0x0 linker stubs
 *(.trampolines*)
                0x0000009a                __trampolines_end = .
 *libprintf_flt.a:*(.progmem.data)
 *libc.a:*(.progmem.data)
                0x0000009a                . = ALIGN (0x2)
 *(.jumptables)
 *(.jumptables*)
 *(.lowtext)
 *(.lowtext*)
                0x0000009a                __ctors_start = .
 *(.ctors)
                0x0000009a                __ctors_end = .
                0x0000009a                __dtors_start = .
 *(.dtors)
                0x0000009a                __dtors_end = .
 SORT(*)(.ctors)
 SORT(*)(.dtors)
 *(.init0)
 .init0         0x0000009a        0x0 /opt/microchip/xc8/v2.05/avr/bin/../lib/gcc/avr/5.4.0/../../../../avr/lib/avr5/crtatmega328p.o
                0x0000009a                __init
 *(.init0)
 *(.init1)
 *(.init1)
 *(.init2)
 .init2         0x0000009a        0xc /opt/microchip/xc8/v2.05/avr/bin/../lib/gcc/avr/5.4.0/../../../../avr/lib/avr5/crtatmega328p.o
 *(.init2)
 *(.init3)
 *(.init3)
 *(.init4)
 .init4         0x000000a6       0x3c /opt/microchip/xc8/v2.05/avr/bin/../lib/gcc/avr/5.4.0/avr5/libgcc.a(_copy_data.o)
                0x000000a6                __do_copy_data
                0x000000d4                __do_clear_bss
 *(.init4)
 *(.init5)
 *(.init5)
 *(.init6)
 *(.init6)
 *(.init7)
 *(.init7)
 *(.init8)
 *(.init8)
 *(.init9)
 .init9         0x000000e2        0x8 /opt/microchip/xc8/v2.05/avr/bin/../lib/gcc/avr/5.4.0/../../../../avr/lib/avr5/crtatmega328p.o
 *(.init9)
                0x000000ea                . = ALIGN (0x2)
 *(.fini9)
 .fini9         0x000000ea        0x0 /opt/microchip/xc8/v2.05/avr/bin/../lib/gcc/avr/5.4.0/avr5/libgcc.a(_exit.o)
                0x000000ea                exit
                0x000000ea                _exit
 *(.fini9)
 *(.fini8)
 *(.fini8)
 *(.fini7)
 *(.fini7)
 *(.fini6)
 *(.fini6)
 *(.fini5)
 *(.fini5)
 *(.fini4)
 *(.fini4)
 *(.fini3)
 *(.fini3)
 *(.fini2)
 *(.fini2)
 *(.fini1)
 *(.fini1)
 *(.fini0)
 .fini0         0x000000ea        0x4 /opt/microchip/xc8/v2.05/avr/bin/../lib/gcc/avr/5.4.0/avr5/libgcc.a(_exit.o)
 *(.fini0)
                0x000000ee                _etext = .

.data           0x00800100        0x0 load address 0x000000ee
                [!provide]                PROVIDE (__data_start, .)
 *(.gnu.linkonce.d*)
 *(.gnu.linkonce.r*)
                0x00800100                . = ALIGN (0x2)
                0x00800100                _edata = .
                [!provide]                PROVIDE (__data_end, .)

.bss            0x00800100        0x0
                [!provide]                PROVIDE (__bss_start, .)
 *(COMMON)
                [!provide]                PROVIDE (__bss_end, .)
                0x000000ee                __data_load_start = LOADADDR (.data)
                0x000000ee                __data_load_end = (__data_load_start + SIZEOF (.data))

.noinit         0x00800100        0x0
                [!provide]                PROVIDE (__noinit_start, .)
 *(.noinit*)
                [!provide]                PROVIDE (__noinit_end, .)
                0x00800100                _end = .

.eeprom         0x00810000        0x0
 *(.eeprom*)
                0x00810000                __eeprom_end = .

.fuse
 *(.fuse)
 *(.lfuse)
 *(.hfuse)
 *(.efuse)

.lock
 *(.lock*)

.signature
 *(.signature*)

.user_signatures
 *(.user_signatures*)

.stab
 *(.stab)

.stabstr
 *(.stabstr)

.stab.excl
 *(.stab.excl)

.stab.exclstr
 *(.stab.exclstr)

.stab.index
 *(.stab.index)

.stab.indexstr
 *(.stab.indexstr)

.comment        0x00000000       0x2f
 *(.comment)
 .comment       0x00000000       0x2f ./mcal/usart/usart.o
                                 0x30 (size before relaxing)
 .comment       0x0000002f       0x30 ./mcal/timer1_pwm/timer1_pwm.o
 .comment       0x0000002f       0x30 ./mcal/timer1/timer1.o
 .comment       0x0000002f       0x30 ./mcal/timer0/timer0.o
 .comment       0x0000002f       0x30 ./mcal/spi/spi.o
 .comment       0x0000002f       0x30 ./mcal/iic/iic.o
 .comment       0x0000002f       0x30 ./mcal/adc/adc.o
 .comment       0x0000002f       0x30 ./mcal/EEPROM/eeprom.o
 .comment       0x0000002f       0x30 ./mcal/DIO/Dio.o
 .comment       0x0000002f       0x30 ./hal/seven_segment/seven_seg.o
 .comment       0x0000002f       0x30 ./hal/lcd/lcd.o
 .comment       0x0000002f       0x30 ./hal/keypad/keypad.o
 .comment       0x0000002f       0x30 ./hal/h_bridge/h_bridge.o
 .comment       0x0000002f       0x30 ./apps/KeySafe/keysafe_app.o
 .comment       0x0000002f       0x30 ./apps/adc_app.o
 .comment       0x0000002f       0x30 ./apps/eeprom_app.o
 .comment       0x0000002f       0x30 ./apps/external_dac.o
 .comment       0x0000002f       0x30 ./apps/fire_sensor.o
 .comment       0x0000002f       0x30 ./apps/i2c_app.o
 .comment       0x0000002f       0x30 ./apps/input_output_task.o
 .comment       0x0000002f       0x30 ./apps/keypad_app.o
 .comment       0x0000002f       0x30 ./apps/lcd_app.o
 .comment       0x0000002f       0x30 ./apps/pwm_app.o
 .comment       0x0000002f       0x30 ./apps/robot_movement.o
 .comment       0x0000002f       0x30 ./apps/sevensegment_app.o
 .comment       0x0000002f       0x30 ./apps/spi_test_transmition.o
 .comment       0x0000002f       0x30 ./apps/timer0_test.o
 .comment       0x0000002f       0x30 ./apps/ultra_sonic.o
 .comment       0x0000002f       0x30 ./main.o

.note.gnu.build-id
 *(.note.gnu.build-id)

.debug
 *(.debug)

.line
 *(.line)

.debug_srcinfo
 *(.debug_srcinfo)

.debug_sfnames
 *(.debug_sfnames)

.debug_aranges
 *(.debug_aranges)

.debug_pubnames
 *(.debug_pubnames)

.debug_info     0x00000000      0x5f4
 *(.debug_info .gnu.linkonce.wi.*)
 .debug_info    0x00000000      0x5f4 /opt/microchip/xc8/v2.05/avr/bin/../lib/gcc/avr/5.4.0/../../../../avr/lib/avr5/crtatmega328p.o

.debug_abbrev   0x00000000      0x5a2
 *(.debug_abbrev)
 .debug_abbrev  0x00000000      0x5a2 /opt/microchip/xc8/v2.05/avr/bin/../lib/gcc/avr/5.4.0/../../../../avr/lib/avr5/crtatmega328p.o

.debug_line     0x00000000       0x1a
 *(.debug_line .debug_line.* .debug_line_end)
 .debug_line    0x00000000       0x1a /opt/microchip/xc8/v2.05/avr/bin/../lib/gcc/avr/5.4.0/../../../../avr/lib/avr5/crtatmega328p.o

.debug_frame
 *(.debug_frame)

.debug_str      0x00000000      0x208
 *(.debug_str)
 .debug_str     0x00000000      0x208 /opt/microchip/xc8/v2.05/avr/bin/../lib/gcc/avr/5.4.0/../../../../avr/lib/avr5/crtatmega328p.o

.debug_loc
 *(.debug_loc)

.debug_macinfo
 *(.debug_macinfo)

.debug_weaknames
 *(.debug_weaknames)

.debug_funcnames
 *(.debug_funcnames)

.debug_typenames
 *(.debug_typenames)

.debug_varnames
 *(.debug_varnames)

.debug_pubtypes
 *(.debug_pubtypes)

.debug_ranges
 *(.debug_ranges)

.debug_macro
 *(.debug_macro)
OUTPUT(avr_sdk.elf elf32-avr)
LOAD linker stubs
LOAD data_init

.text           0x00001a54        0x4
 .text          0x00001a54        0x4 /opt/microchip/xc8/v2.05/avr/bin/../lib/gcc/avr/5.4.0/../../../../avr/lib/avr5/crtatmega328p.o
                0x00001a54                __vector_22
                0x00001a54                __vector_1
                0x00001a54                __vector_24
                0x00001a54                __vector_12
                0x00001a54                __bad_interrupt
                0x00001a54                __vector_6
                0x00001a54                __vector_3
                0x00001a54                __vector_23
                0x00001a54                __vector_25
                0x00001a54                __vector_11
                0x00001a54                __vector_13
                0x00001a54                __vector_17
                0x00001a54                __vector_19
                0x00001a54                __vector_7
                0x00001a54                __vector_5
                0x00001a54                __vector_4
                0x00001a54                __vector_9
                0x00001a54                __vector_2
                0x00001a54                __vector_21
                0x00001a54                __vector_15
                0x00001a54                __vector_8
                0x00001a54                __vector_14
                0x00001a54                __vector_10
                0x00001a54                __vector_18
                0x00001a54                __vector_20

.data%z1        0x00800100        0x0
 .data          0x00800100        0x0 /opt/microchip/xc8/v2.05/avr/bin/../lib/gcc/avr/5.4.0/../../../../avr/lib/avr5/crtatmega328p.o

.bss%z2         0x00800100        0x0
 .bss           0x00800100        0x0 /opt/microchip/xc8/v2.05/avr/bin/../lib/gcc/avr/5.4.0/../../../../avr/lib/avr5/crtatmega328p.o

.note.gnu.avr.deviceinfo
                0x00000000       0x40
 .note.gnu.avr.deviceinfo
                0x00000000       0x40 /opt/microchip/xc8/v2.05/avr/bin/../lib/gcc/avr/5.4.0/../../../../avr/lib/avr5/crtatmega328p.o

.text%z3        0x00000000        0x0
 .text          0x00000000        0x0 ./mcal/usart/usart.o

.data%z4        0x00800100        0x0
 .data          0x00800100        0x0 ./mcal/usart/usart.o

.bss%z5         0x00800100        0x0
 .bss           0x00800100        0x0 ./mcal/usart/usart.o

.text.init_usart
                0x00000c62       0x90
 .text.init_usart
                0x00000c62       0x90 ./mcal/usart/usart.o
                0x00000c62                init_usart

.text.usart_write_char
                0x0000198c        0xe
 .text.usart_write_char
                0x0000198c        0xe ./mcal/usart/usart.o
                0x0000198c                usart_write_char

.text.usart_write_text
                0x000016d2       0x26
 .text.usart_write_text
                0x000016d2       0x26 ./mcal/usart/usart.o
                0x000016d2                usart_write_text

.text.usart_read_char
                0x0000199a        0xe
 .text.usart_read_char
                0x0000199a        0xe ./mcal/usart/usart.o
                0x0000199a                usart_read_char

.text.usart_data_available
                0x000019ee        0xc
 .text.usart_data_available
                0x000019ee        0xc ./mcal/usart/usart.o
                0x000019ee                usart_data_available

.text%z6        0x00000000        0x0
 .text          0x00000000        0x0 ./mcal/timer1_pwm/timer1_pwm.o

.data%z7        0x00800100        0x0
 .data          0x00800100        0x0 ./mcal/timer1_pwm/timer1_pwm.o

.bss%z8         0x00800100        0x0
 .bss           0x00800100        0x0 ./mcal/timer1_pwm/timer1_pwm.o

.text.init_pwm  0x0000023a      0x12e
 .text.init_pwm
                0x0000023a      0x12e ./mcal/timer1_pwm/timer1_pwm.o
                0x0000023a                init_pwm

.text.pwm_change_duty
                0x00000bce       0x94
 .text.pwm_change_duty
                0x00000bce       0x94 ./mcal/timer1_pwm/timer1_pwm.o
                0x00000bce                pwm_change_duty

.bss.top_value  0x0080018e        0x2
 .bss.top_value
                0x0080018e        0x2 ./mcal/timer1_pwm/timer1_pwm.o

.bss.frequencey_config
                0x00800190        0x2
 .bss.frequencey_config
                0x00800190        0x2 ./mcal/timer1_pwm/timer1_pwm.o

.text%z9        0x00000000        0x0
 .text          0x00000000        0x0 ./mcal/timer1/timer1.o

.data%z10       0x00800100        0x0
 .data          0x00800100        0x0 ./mcal/timer1/timer1.o

.bss%z11        0x00800100        0x0
 .bss           0x00800100        0x0 ./mcal/timer1/timer1.o

.text.init_timer1
                0x00001842       0x1c
 .text.init_timer1
                0x00001842       0x1c ./mcal/timer1/timer1.o
                0x00001842                init_timer1

.text.start_timer1
                0x0000196a       0x12
 .text.start_timer1
                0x0000196a       0x12 ./mcal/timer1/timer1.o
                0x0000196a                start_timer1

.text.stop_timer1
                0x000019fa        0xc
 .text.stop_timer1
                0x000019fa        0xc ./mcal/timer1/timer1.o
                0x000019fa                stop_timer1

.text.get_timer1_counts
                0x000019a8        0xe
 .text.get_timer1_counts
                0x000019a8        0xe ./mcal/timer1/timer1.o
                0x000019a8                get_timer1_counts

.text.reset_timer1
                0x00001a2a        0xa
 .text.reset_timer1
                0x00001a2a        0xa ./mcal/timer1/timer1.o
                0x00001a2a                reset_timer1

.text%z12       0x00000000        0x0
 .text          0x00000000        0x0 ./mcal/timer0/timer0.o

.data%z13       0x00800100        0x0
 .data          0x00800100        0x0 ./mcal/timer0/timer0.o

.bss%z14        0x00800100        0x0
 .bss           0x00800100        0x0 ./mcal/timer0/timer0.o

.text%z15       0x00000000        0x0
 .text          0x00000000        0x0 ./mcal/spi/spi.o

.data%z16       0x00800100        0x0
 .data          0x00800100        0x0 ./mcal/spi/spi.o

.bss%z17        0x00800100        0x0
 .bss           0x00800100        0x0 ./mcal/spi/spi.o

.text.init_spi  0x00000b2a       0xa4
 .text.init_spi
                0x00000b2a       0xa4 ./mcal/spi/spi.o
                0x00000b2a                init_spi

.text.spi_write
                0x00001a06        0xc
 .text.spi_write
                0x00001a06        0xc ./mcal/spi/spi.o
                0x00001a06                spi_write

.text.spi_read  0x00001a12        0xc
 .text.spi_read
                0x00001a12        0xc ./mcal/spi/spi.o
                0x00001a12                spi_read

.text%z18       0x00000000        0x0
 .text          0x00000000        0x0 ./mcal/iic/iic.o

.data%z19       0x00800100        0x0
 .data          0x00800100        0x0 ./mcal/iic/iic.o

.bss%z20        0x00800100        0x0
 .bss           0x00800100        0x0 ./mcal/iic/iic.o

.text.init_i2c  0x0000185e       0x1c
 .text.init_i2c
                0x0000185e       0x1c ./mcal/iic/iic.o
                0x0000185e                init_i2c

.text.i2c_start
                0x000013a0       0x40
 .text.i2c_start
                0x000013a0       0x40 ./mcal/iic/iic.o
                0x000013a0                i2c_start

.text.i2c_write
                0x0000171c       0x22
 .text.i2c_write
                0x0000171c       0x22 ./mcal/iic/iic.o
                0x0000171c                i2c_write

.text.i2c_read_ack
                0x00001906       0x14
 .text.i2c_read_ack
                0x00001906       0x14 ./mcal/iic/iic.o
                0x00001906                i2c_read_ack

.text.i2c_read_nack
                0x0000191a       0x14
 .text.i2c_read_nack
                0x0000191a       0x14 ./mcal/iic/iic.o
                0x0000191a                i2c_read_nack

.text.i2c_transmit
                0x00000ede       0x72
 .text.i2c_transmit
                0x00000ede       0x72 ./mcal/iic/iic.o
                0x00000ede                i2c_transmit

.text.i2c_receive
                0x00000cf2       0x88
 .text.i2c_receive
                0x00000cf2       0x88 ./mcal/iic/iic.o
                0x00000cf2                i2c_receive

.text.i2c_stop  0x00001a3e        0x8
 .text.i2c_stop
                0x00001a3e        0x8 ./mcal/iic/iic.o
                0x00001a3e                i2c_stop

.text%z21       0x00000000        0x0
 .text          0x00000000        0x0 ./mcal/adc/adc.o

.data%z22       0x00800100        0x0
 .data          0x00800100        0x0 ./mcal/adc/adc.o

.bss%z23        0x00800100        0x0
 .bss           0x00800100        0x0 ./mcal/adc/adc.o

.text.init_adc  0x00001554       0x34
 .text.init_adc
                0x00001554       0x34 ./mcal/adc/adc.o
                0x00001554                init_adc

.text.adc_channel_read
                0x00001624       0x2c
 .text.adc_channel_read
                0x00001624       0x2c ./mcal/adc/adc.o
                0x00001624                adc_channel_read

.text.get_analog_value
                0x000013e0       0x40
 .text.get_analog_value
                0x000013e0       0x40 ./mcal/adc/adc.o
                0x000013e0                get_analog_value

.text%z24       0x00000000        0x0
 .text          0x00000000        0x0 ./mcal/EEPROM/eeprom.o

.data%z25       0x00800100        0x0
 .data          0x00800100        0x0 ./mcal/EEPROM/eeprom.o

.bss%z26        0x00800100        0x0
 .bss           0x00800100        0x0 ./mcal/EEPROM/eeprom.o

.text.EEPROM_write
                0x0000197c       0x10
 .text.EEPROM_write
                0x0000197c       0x10 ./mcal/EEPROM/eeprom.o
                0x0000197c                EEPROM_write

.text.EEPROM_read
                0x000019b6        0xe
 .text.EEPROM_read
                0x000019b6        0xe ./mcal/EEPROM/eeprom.o
                0x000019b6                EEPROM_read

.text%z27       0x00000000        0x0
 .text          0x00000000        0x0 ./mcal/DIO/Dio.o

.data%z28       0x00800100        0x0
 .data          0x00800100        0x0 ./mcal/DIO/Dio.o

.bss%z29        0x00800100        0x0
 .bss           0x00800100        0x0 ./mcal/DIO/Dio.o

.text.dio_channel_config
                0x000000ee      0x14c
 .text.dio_channel_config
                0x000000ee      0x14c ./mcal/DIO/Dio.o
                0x000000ee                dio_channel_config

.text.dio_channel_set
                0x00000368      0x12c
 .text.dio_channel_set
                0x00000368      0x12c ./mcal/DIO/Dio.o
                0x00000368                dio_channel_set

.text.dio_channel_read
                0x000012d4       0x44
 .text.dio_channel_read
                0x000012d4       0x44 ./mcal/DIO/Dio.o
                0x000012d4                dio_channel_read

.text.dio_port_config
                0x00001894       0x18
 .text.dio_port_config
                0x00001894       0x18 ./mcal/DIO/Dio.o
                0x00001894                dio_port_config

.text.dio_port_set
                0x000018ac       0x18
 .text.dio_port_set
                0x000018ac       0x18 ./mcal/DIO/Dio.o
                0x000018ac                dio_port_set

.text%z30       0x00000000        0x0
 .text          0x00000000        0x0 ./hal/seven_segment/seven_seg.o

.data%z31       0x00800100        0x0
 .data          0x00800100        0x0 ./hal/seven_segment/seven_seg.o

.bss%z32        0x00800100        0x0
 .bss           0x00800100        0x0 ./hal/seven_segment/seven_seg.o

.text.display_digit_private
                0x000011a6       0x58
 .text.display_digit_private
                0x000011a6       0x58 ./hal/seven_segment/seven_seg.o
                0x000011a6                display_digit_private

.text.init_seven_segment
                0x00001460       0x3e
 .text.init_seven_segment
                0x00001460       0x3e ./hal/seven_segment/seven_seg.o
                0x00001460                init_seven_segment

.text.display_digit
                0x0000192e       0x14
 .text.display_digit
                0x0000192e       0x14 ./hal/seven_segment/seven_seg.o
                0x0000192e                display_digit

.rodata.segDataCathod
                0x0080017c        0xa load address 0x00001ad8
 .rodata.segDataCathod
                0x0080017c        0xa ./hal/seven_segment/seven_seg.o
                0x0080017c                segDataCathod

.text%z33       0x00000000        0x0
 .text          0x00000000        0x0 ./hal/lcd/lcd.o

.data%z34       0x00800100        0x0 load address 0x00001a5c
 .data          0x00800100        0x0 ./hal/lcd/lcd.o

.bss%z35        0x00800100        0x0 load address 0x00001a5c
 .bss           0x00800100        0x0 ./hal/lcd/lcd.o

.text.send_instruction_4bit
                0x0000108a       0x62
 .text.send_instruction_4bit
                0x0000108a       0x62 ./hal/lcd/lcd.o

.text.send_instruction_8bit
                0x0000090a       0xb8
 .text.send_instruction_8bit
                0x0000090a       0xb8 ./hal/lcd/lcd.o

.text.send_data_8bit
                0x000009c2       0xb8
 .text.send_data_8bit
                0x000009c2       0xb8 ./hal/lcd/lcd.o

.text.init_lcd  0x00000a7a       0xb0
 .text.init_lcd
                0x00000a7a       0xb0 ./hal/lcd/lcd.o
                0x00000a7a                init_lcd

.text.lcd_write_text
                0x000011fe       0x4a
 .text.lcd_write_text
                0x000011fe       0x4a ./hal/lcd/lcd.o
                0x000011fe                lcd_write_text

.text.lcd_write_char
                0x000016a8       0x2a
 .text.lcd_write_char
                0x000016a8       0x2a ./hal/lcd/lcd.o
                0x000016a8                lcd_write_char

.text.lcd_write_char_cp
                0x00001a58        0x4
 .text.lcd_write_char_cp
                0x00001a58        0x4 ./hal/lcd/lcd.o
                0x00001a58                lcd_write_char_cp

.text.lcd_write_text_cp
                0x00001650       0x2c
 .text.lcd_write_text_cp
                0x00001650       0x2c ./hal/lcd/lcd.o
                0x00001650                lcd_write_text_cp

.text.lcd_clear
                0x00001942       0x14
 .text.lcd_clear
                0x00001942       0x14 ./hal/lcd/lcd.o
                0x00001942                lcd_clear

.text%z36       0x00000000        0x0
 .text          0x00000000        0x0 ./hal/keypad/keypad.o

.data%z37       0x00800100        0x0 load address 0x00001a5c
 .data          0x00800100        0x0 ./hal/keypad/keypad.o

.bss%z38        0x00800100        0x0 load address 0x00001a5c
 .bss           0x00800100        0x0 ./hal/keypad/keypad.o

.text.output_scan_pattern
                0x00001588       0x34
 .text.output_scan_pattern
                0x00001588       0x34 ./hal/keypad/keypad.o

.text.scan      0x00000f50       0x6a
 .text.scan     0x00000f50       0x6a ./hal/keypad/keypad.o

.text.init_keypad
                0x00001248       0x46
 .text.init_keypad
                0x00001248       0x46 ./hal/keypad/keypad.o
                0x00001248                init_keypad

.text.get_key_clicked
                0x000016f8       0x24
 .text.get_key_clicked
                0x000016f8       0x24 ./hal/keypad/keypad.o
                0x000016f8                get_key_clicked

.text.get_key_pressed
                0x0000187a       0x1a
 .text.get_key_pressed
                0x0000187a       0x1a ./hal/keypad/keypad.o
                0x0000187a                get_key_pressed

.rodata.MAPPEDCHARS
                0x0080016c       0x10 load address 0x00001ac8
 .rodata.MAPPEDCHARS
                0x0080016c       0x10 ./hal/keypad/keypad.o
                0x0080016c                MAPPEDCHARS

.rodata.SCAN_PATTERN
                0x00800186        0x5 load address 0x00001ae2
 .rodata.SCAN_PATTERN
                0x00800186        0x5 ./hal/keypad/keypad.o
                0x00800186                SCAN_PATTERN

.text%z39       0x00000000        0x0
 .text          0x00000000        0x0 ./hal/h_bridge/h_bridge.o

.data%z40       0x00800100        0x0 load address 0x00001a5c
 .data          0x00800100        0x0 ./hal/h_bridge/h_bridge.o

.bss%z41        0x00800100        0x0 load address 0x00001a5c
 .bss           0x00800100        0x0 ./hal/h_bridge/h_bridge.o

.text.init_motors
                0x00001420       0x40
 .text.init_motors
                0x00001420       0x40 ./hal/h_bridge/h_bridge.o
                0x00001420                init_motors

.text.motors_forward
                0x00001782       0x20
 .text.motors_forward
                0x00001782       0x20 ./hal/h_bridge/h_bridge.o
                0x00001782                motors_forward

.text.motors_backward
                0x000017a2       0x20
 .text.motors_backward
                0x000017a2       0x20 ./hal/h_bridge/h_bridge.o
                0x000017a2                motors_backward

.text.motors_rotate_cw
                0x000017c2       0x20
 .text.motors_rotate_cw
                0x000017c2       0x20 ./hal/h_bridge/h_bridge.o
                0x000017c2                motors_rotate_cw

.text.motors_rotate_acw
                0x000017e2       0x20
 .text.motors_rotate_acw
                0x000017e2       0x20 ./hal/h_bridge/h_bridge.o
                0x000017e2                motors_rotate_acw

.text.motors_hold
                0x00001802       0x20
 .text.motors_hold
                0x00001802       0x20 ./hal/h_bridge/h_bridge.o
                0x00001802                motors_hold

.text%z42       0x00000000        0x0
 .text          0x00000000        0x0 ./apps/KeySafe/keysafe_app.o

.data%z43       0x00800100        0x0 load address 0x00001a5c
 .data          0x00800100        0x0 ./apps/KeySafe/keysafe_app.o

.bss%z44        0x00800100        0x0 load address 0x00001a5c
 .bss           0x00800100        0x0 ./apps/KeySafe/keysafe_app.o

.rodata         0x00800100       0x6c load address 0x00001a5c
 .rodata        0x00800100       0x6c ./apps/KeySafe/keysafe_app.o

.text.init_system
                0x0000149e       0x3e
 .text.init_system
                0x0000149e       0x3e ./apps/KeySafe/keysafe_app.o
                0x0000149e                init_system

.text.is_this_new_safe
                0x00001956       0x14
 .text.is_this_new_safe
                0x00001956       0x14 ./apps/KeySafe/keysafe_app.o
                0x00001956                is_this_new_safe

.text.enter_new_password_handeller
                0x00000494      0x108
 .text.enter_new_password_handeller
                0x00000494      0x108 ./apps/KeySafe/keysafe_app.o
                0x00000494                enter_new_password_handeller

.text.load_save_configuration
                0x0000114a       0x5c
 .text.load_save_configuration
                0x0000114a       0x5c ./apps/KeySafe/keysafe_app.o
                0x0000114a                load_save_configuration

.text.scan_save_password
                0x0000068c       0xde
 .text.scan_save_password
                0x0000068c       0xde ./apps/KeySafe/keysafe_app.o
                0x0000068c                scan_save_password

.text.key_safe_app
                0x0000083c       0xce
 .text.key_safe_app
                0x0000083c       0xce ./apps/KeySafe/keysafe_app.o
                0x0000083c                key_safe_app

.text.is_passwords_equal
                0x000014dc       0x3c
 .text.is_passwords_equal
                0x000014dc       0x3c ./apps/KeySafe/keysafe_app.o
                0x000014dc                is_passwords_equal

.text%z45       0x00000000        0x0
 .text          0x00000000        0x0 ./apps/adc_app.o

.data%z46       0x00800100        0x0 load address 0x00001a5c
 .data          0x00800100        0x0 ./apps/adc_app.o

.bss%z47        0x00800100        0x0 load address 0x00001a5c
 .bss           0x00800100        0x0 ./apps/adc_app.o

.text%z48       0x00000000        0x0
 .text          0x00000000        0x0 ./apps/eeprom_app.o

.data%z49       0x00800100        0x0 load address 0x00001a5c
 .data          0x00800100        0x0 ./apps/eeprom_app.o

.bss%z50        0x00800100        0x0 load address 0x00001a5c
 .bss           0x00800100        0x0 ./apps/eeprom_app.o

.text%z51       0x00000000        0x0
 .text          0x00000000        0x0 ./apps/external_dac.o

.data%z52       0x00800100        0x0 load address 0x00001a5c
 .data          0x00800100        0x0 ./apps/external_dac.o

.bss%z53        0x00800100        0x0 load address 0x00001a5c
 .bss           0x00800100        0x0 ./apps/external_dac.o

.text.dac_output
                0x0000167c       0x2c
 .text.dac_output
                0x0000167c       0x2c ./apps/external_dac.o
                0x0000167c                dac_output

.text.external_dac
                0x000015bc       0x34
 .text.external_dac
                0x000015bc       0x34 ./apps/external_dac.o
                0x000015bc                external_dac

.text%z54       0x00000000        0x0
 .text          0x00000000        0x0 ./apps/fire_sensor.o

.data%z55       0x00800100        0x0 load address 0x00001a5c
 .data          0x00800100        0x0 ./apps/fire_sensor.o

.bss%z56        0x00800100        0x0 load address 0x00001a5c
 .bss           0x00800100        0x0 ./apps/fire_sensor.o

.rodata         0x0080018b        0x3 load address 0x00001ae7
 .rodata        0x0080018b        0x3 ./apps/fire_sensor.o

.text.fire_app  0x00000fba       0x68
 .text.fire_app
                0x00000fba       0x68 ./apps/fire_sensor.o
                0x00000fba                fire_app

.text%z57       0x00000000        0x0
 .text          0x00000000        0x0 ./apps/i2c_app.o

.data%z58       0x00800100        0x0 load address 0x00001a5c
 .data          0x00800100        0x0 ./apps/i2c_app.o

.bss%z59        0x00800100        0x0 load address 0x00001a5c
 .bss           0x00800100        0x0 ./apps/i2c_app.o

.text.test_iic  0x00001022       0x68
 .text.test_iic
                0x00001022       0x68 ./apps/i2c_app.o
                0x00001022                test_iic

.text%z60       0x00000000        0x0
 .text          0x00000000        0x0 ./apps/input_output_task.o

.data%z61       0x00800100        0x0 load address 0x00001a5c
 .data          0x00800100        0x0 ./apps/input_output_task.o

.bss%z62        0x00800100        0x0 load address 0x00001a5c
 .bss           0x00800100        0x0 ./apps/input_output_task.o

.text%z63       0x00000000        0x0
 .text          0x00000000        0x0 ./apps/keypad_app.o

.data%z64       0x00800100        0x0 load address 0x00001a5c
 .data          0x00800100        0x0 ./apps/keypad_app.o

.bss%z65        0x00800100        0x0 load address 0x00001a5c
 .bss           0x00800100        0x0 ./apps/keypad_app.o

.text%z66       0x00000000        0x0
 .text          0x00000000        0x0 ./apps/lcd_app.o

.data%z67       0x00800100        0x0 load address 0x00001a5c
 .data          0x00800100        0x0 ./apps/lcd_app.o

.bss%z68        0x00800100        0x0 load address 0x00001a5c
 .bss           0x00800100        0x0 ./apps/lcd_app.o

.text%z69       0x00000000        0x0
 .text          0x00000000        0x0 ./apps/pwm_app.o

.data%z70       0x00800100        0x0 load address 0x00001a5c
 .data          0x00800100        0x0 ./apps/pwm_app.o

.bss%z71        0x00800100        0x0 load address 0x00001a5c
 .bss           0x00800100        0x0 ./apps/pwm_app.o

.text.test_pwm  0x00001518       0x3c
 .text.test_pwm
                0x00001518       0x3c ./apps/pwm_app.o
                0x00001518                test_pwm

.text%z72       0x00000000        0x0
 .text          0x00000000        0x0 ./apps/robot_movement.o

.data%z73       0x00800100        0x0 load address 0x00001a5c
 .data          0x00800100        0x0 ./apps/robot_movement.o

.bss%z74        0x00800100        0x0 load address 0x00001a5c
 .bss           0x00800100        0x0 ./apps/robot_movement.o

.text.robot_app
                0x00000df4       0x76
 .text.robot_app
                0x00000df4       0x76 ./apps/robot_movement.o
                0x00000df4                robot_app

.text%z75       0x00000000        0x0
 .text          0x00000000        0x0 ./apps/sevensegment_app.o

.data%z76       0x00800100        0x0 load address 0x00001a5c
 .data          0x00800100        0x0 ./apps/sevensegment_app.o

.bss%z77        0x00800100        0x0 load address 0x00001a5c
 .bss           0x00800100        0x0 ./apps/sevensegment_app.o

.text%z78       0x00000000        0x0
 .text          0x00000000        0x0 ./apps/spi_test_transmition.o

.data%z79       0x00800100        0x0 load address 0x00001a5c
 .data          0x00800100        0x0 ./apps/spi_test_transmition.o

.bss%z80        0x00800100        0x0 load address 0x00001a5c
 .bss           0x00800100        0x0 ./apps/spi_test_transmition.o

.text.test_SPI_sending
                0x0000128e       0x46
 .text.test_SPI_sending
                0x0000128e       0x46 ./apps/spi_test_transmition.o
                0x0000128e                test_SPI_sending

.text%z81       0x00000000        0x0
 .text          0x00000000        0x0 ./apps/timer0_test.o

.data%z82       0x00800100        0x0 load address 0x00001a5c
 .data          0x00800100        0x0 ./apps/timer0_test.o

.bss%z83        0x00800100        0x0 load address 0x00001a5c
 .bss           0x00800100        0x0 ./apps/timer0_test.o

.text.timer0_test
                0x0000173e       0x22
 .text.timer0_test
                0x0000173e       0x22 ./apps/timer0_test.o
                0x0000173e                timer0_test

.text.__vector_16
                0x00000e6a       0x74
 .text.__vector_16
                0x00000e6a       0x74 ./apps/timer0_test.o
                0x00000e6a                __vector_16

.bss.counts     0x00800192        0x2
 .bss.counts    0x00800192        0x2 ./apps/timer0_test.o
                0x00800192                counts

.text%z84       0x00000000        0x0
 .text          0x00000000        0x0 ./apps/ultra_sonic.o

.data%z85       0x00800100        0x0
 .data          0x00800100        0x0 ./apps/ultra_sonic.o

.bss%z86        0x00800100        0x0
 .bss           0x00800100        0x0 ./apps/ultra_sonic.o

.text.ultra_sonic_app
                0x0000059c       0xf0
 .text.ultra_sonic_app
                0x0000059c       0xf0 ./apps/ultra_sonic.o
                0x0000059c                ultra_sonic_app

.text%z87       0x00000000        0x0
 .text          0x00000000        0x0 ./main.o

.data%z88       0x00800100        0x0
 .data          0x00800100        0x0 ./main.o

.bss%z89        0x00800100        0x0
 .bss           0x00800100        0x0 ./main.o

.text.startup.main
                0x00001a34        0xa
 .text.startup.main
                0x00001a34        0xa ./main.o
                0x00001a34                main

.text%z90       0x00000000        0x0
 .text          0x00000000        0x0 /opt/microchip/xc8/v2.05/avr/bin/../lib/gcc/avr/5.4.0/avr5/libgcc.a(_udivmodsi4.o)

.data%z91       0x00800100        0x0
 .data          0x00800100        0x0 /opt/microchip/xc8/v2.05/avr/bin/../lib/gcc/avr/5.4.0/avr5/libgcc.a(_udivmodsi4.o)

.bss%z92        0x00800100        0x0
 .bss           0x00800100        0x0 /opt/microchip/xc8/v2.05/avr/bin/../lib/gcc/avr/5.4.0/avr5/libgcc.a(_udivmodsi4.o)

.text.libgcc.mul%z93
                0x00000000        0x0
 .text.libgcc.mul
                0x00000000        0x0 /opt/microchip/xc8/v2.05/avr/bin/../lib/gcc/avr/5.4.0/avr5/libgcc.a(_udivmodsi4.o)

.text.libgcc.div
                0x00001318       0x44
 .text.libgcc.div
                0x00001318       0x44 /opt/microchip/xc8/v2.05/avr/bin/../lib/gcc/avr/5.4.0/avr5/libgcc.a(_udivmodsi4.o)
                0x00001318                __udivmodsi4

.text.libgcc%z94
                0x00000000        0x0
 .text.libgcc   0x00000000        0x0 /opt/microchip/xc8/v2.05/avr/bin/../lib/gcc/avr/5.4.0/avr5/libgcc.a(_udivmodsi4.o)

.text.libgcc.prologue%z95
                0x00000000        0x0
 .text.libgcc.prologue
                0x00000000        0x0 /opt/microchip/xc8/v2.05/avr/bin/../lib/gcc/avr/5.4.0/avr5/libgcc.a(_udivmodsi4.o)

.text.libgcc.builtins%z96
                0x00000000        0x0
 .text.libgcc.builtins
                0x00000000        0x0 /opt/microchip/xc8/v2.05/avr/bin/../lib/gcc/avr/5.4.0/avr5/libgcc.a(_udivmodsi4.o)

.text.libgcc.fmul%z97
                0x00000000        0x0
 .text.libgcc.fmul
                0x00000000        0x0 /opt/microchip/xc8/v2.05/avr/bin/../lib/gcc/avr/5.4.0/avr5/libgcc.a(_udivmodsi4.o)

.text.libgcc.fixed%z98
                0x00000000        0x0
 .text.libgcc.fixed
                0x00000000        0x0 /opt/microchip/xc8/v2.05/avr/bin/../lib/gcc/avr/5.4.0/avr5/libgcc.a(_udivmodsi4.o)

.text%z99       0x00000000        0x0
 .text          0x00000000        0x0 /opt/microchip/xc8/v2.05/avr/bin/../lib/gcc/avr/5.4.0/avr5/libgcc.a(_exit.o)

.data%z100      0x00800100        0x0
 .data          0x00800100        0x0 /opt/microchip/xc8/v2.05/avr/bin/../lib/gcc/avr/5.4.0/avr5/libgcc.a(_exit.o)

.bss%z101       0x00800100        0x0
 .bss           0x00800100        0x0 /opt/microchip/xc8/v2.05/avr/bin/../lib/gcc/avr/5.4.0/avr5/libgcc.a(_exit.o)

.text.libgcc.mul%z102
                0x00000000        0x0
 .text.libgcc.mul
                0x00000000        0x0 /opt/microchip/xc8/v2.05/avr/bin/../lib/gcc/avr/5.4.0/avr5/libgcc.a(_exit.o)

.text.libgcc.div%z103
                0x00000000        0x0
 .text.libgcc.div
                0x00000000        0x0 /opt/microchip/xc8/v2.05/avr/bin/../lib/gcc/avr/5.4.0/avr5/libgcc.a(_exit.o)

.text.libgcc%z104
                0x00000000        0x0
 .text.libgcc   0x00000000        0x0 /opt/microchip/xc8/v2.05/avr/bin/../lib/gcc/avr/5.4.0/avr5/libgcc.a(_exit.o)

.text.libgcc.prologue%z105
                0x00000000        0x0
 .text.libgcc.prologue
                0x00000000        0x0 /opt/microchip/xc8/v2.05/avr/bin/../lib/gcc/avr/5.4.0/avr5/libgcc.a(_exit.o)

.text.libgcc.builtins%z106
                0x00000000        0x0
 .text.libgcc.builtins
                0x00000000        0x0 /opt/microchip/xc8/v2.05/avr/bin/../lib/gcc/avr/5.4.0/avr5/libgcc.a(_exit.o)

.text.libgcc.fmul%z107
                0x00000000        0x0
 .text.libgcc.fmul
                0x00000000        0x0 /opt/microchip/xc8/v2.05/avr/bin/../lib/gcc/avr/5.4.0/avr5/libgcc.a(_exit.o)

.text.libgcc.fixed%z108
                0x00000000        0x0
 .text.libgcc.fixed
                0x00000000        0x0 /opt/microchip/xc8/v2.05/avr/bin/../lib/gcc/avr/5.4.0/avr5/libgcc.a(_exit.o)

.text%z109      0x00000000        0x0
 .text          0x00000000        0x0 /opt/microchip/xc8/v2.05/avr/bin/../lib/gcc/avr/5.4.0/avr5/libgcc.a(_copy_data.o)

.data%z110      0x00800100        0x0
 .data          0x00800100        0x0 /opt/microchip/xc8/v2.05/avr/bin/../lib/gcc/avr/5.4.0/avr5/libgcc.a(_copy_data.o)

.bss%z111       0x00800100        0x0
 .bss           0x00800100        0x0 /opt/microchip/xc8/v2.05/avr/bin/../lib/gcc/avr/5.4.0/avr5/libgcc.a(_copy_data.o)

.text.libgcc.mul%z112
                0x00000000        0x0
 .text.libgcc.mul
                0x00000000        0x0 /opt/microchip/xc8/v2.05/avr/bin/../lib/gcc/avr/5.4.0/avr5/libgcc.a(_copy_data.o)

.text.libgcc.div%z113
                0x00000000        0x0
 .text.libgcc.div
                0x00000000        0x0 /opt/microchip/xc8/v2.05/avr/bin/../lib/gcc/avr/5.4.0/avr5/libgcc.a(_copy_data.o)

.text.libgcc%z114
                0x00000000        0x0
 .text.libgcc   0x00000000        0x0 /opt/microchip/xc8/v2.05/avr/bin/../lib/gcc/avr/5.4.0/avr5/libgcc.a(_copy_data.o)

.text.libgcc.prologue%z115
                0x00000000        0x0
 .text.libgcc.prologue
                0x00000000        0x0 /opt/microchip/xc8/v2.05/avr/bin/../lib/gcc/avr/5.4.0/avr5/libgcc.a(_copy_data.o)

.text.libgcc.builtins%z116
                0x00000000        0x0
 .text.libgcc.builtins
                0x00000000        0x0 /opt/microchip/xc8/v2.05/avr/bin/../lib/gcc/avr/5.4.0/avr5/libgcc.a(_copy_data.o)

.text.libgcc.fmul%z117
                0x00000000        0x0
 .text.libgcc.fmul
                0x00000000        0x0 /opt/microchip/xc8/v2.05/avr/bin/../lib/gcc/avr/5.4.0/avr5/libgcc.a(_copy_data.o)

.text.libgcc.fixed%z118
                0x00000000        0x0
 .text.libgcc.fixed
                0x00000000        0x0 /opt/microchip/xc8/v2.05/avr/bin/../lib/gcc/avr/5.4.0/avr5/libgcc.a(_copy_data.o)

.text%z119      0x00000000        0x0
 .text          0x00000000        0x0 /opt/microchip/xc8/v2.05/avr/bin/../lib/gcc/avr/5.4.0/../../../../avr/lib/avr5/libm.a(fixunssfsi.o)

.data%z120      0x00800100        0x0
 .data          0x00800100        0x0 /opt/microchip/xc8/v2.05/avr/bin/../lib/gcc/avr/5.4.0/../../../../avr/lib/avr5/libm.a(fixunssfsi.o)

.bss%z121       0x00800100        0x0
 .bss           0x00800100        0x0 /opt/microchip/xc8/v2.05/avr/bin/../lib/gcc/avr/5.4.0/../../../../avr/lib/avr5/libm.a(fixunssfsi.o)

.text.avrlibc.fplib
                0x000010ec       0x5e
 .text.avrlibc.fplib
                0x000010ec       0x5e /opt/microchip/xc8/v2.05/avr/bin/../lib/gcc/avr/5.4.0/../../../../avr/lib/avr5/libm.a(fixunssfsi.o)
                0x000010ec                __fixunssfsi

.text%z122      0x00000000        0x0
 .text          0x00000000        0x0 /opt/microchip/xc8/v2.05/avr/bin/../lib/gcc/avr/5.4.0/../../../../avr/lib/avr5/libm.a(floatsisf.o)

.data%z123      0x00800100        0x0
 .data          0x00800100        0x0 /opt/microchip/xc8/v2.05/avr/bin/../lib/gcc/avr/5.4.0/../../../../avr/lib/avr5/libm.a(floatsisf.o)

.bss%z124       0x00800100        0x0
 .bss           0x00800100        0x0 /opt/microchip/xc8/v2.05/avr/bin/../lib/gcc/avr/5.4.0/../../../../avr/lib/avr5/libm.a(floatsisf.o)

.text.avrlibc.fplib
                0x00000d7a       0x7a
 .text.avrlibc.fplib
                0x00000d7a       0x7a /opt/microchip/xc8/v2.05/avr/bin/../lib/gcc/avr/5.4.0/../../../../avr/lib/avr5/libm.a(floatsisf.o)
                0x00000d7a                __floatunsisf
                0x00000d7e                __floatsisf

.text%z125      0x00000000        0x0
 .text          0x00000000        0x0 /opt/microchip/xc8/v2.05/avr/bin/../lib/gcc/avr/5.4.0/../../../../avr/lib/avr5/libm.a(fp_split3.o)

.data%z126      0x00800100        0x0
 .data          0x00800100        0x0 /opt/microchip/xc8/v2.05/avr/bin/../lib/gcc/avr/5.4.0/../../../../avr/lib/avr5/libm.a(fp_split3.o)

.bss%z127       0x00800100        0x0
 .bss           0x00800100        0x0 /opt/microchip/xc8/v2.05/avr/bin/../lib/gcc/avr/5.4.0/../../../../avr/lib/avr5/libm.a(fp_split3.o)

.text.avrlibc.fplib
                0x0000135c       0x44
 .text.avrlibc.fplib
                0x0000135c       0x44 /opt/microchip/xc8/v2.05/avr/bin/../lib/gcc/avr/5.4.0/../../../../avr/lib/avr5/libm.a(fp_split3.o)
                0x0000135c                __fp_split3
                0x0000136c                __fp_splitA

.text%z128      0x00000000        0x0
 .text          0x00000000        0x0 /opt/microchip/xc8/v2.05/avr/bin/../lib/gcc/avr/5.4.0/../../../../avr/lib/avr5/libm.a(fp_zero.o)

.data%z129      0x00800100        0x0
 .data          0x00800100        0x0 /opt/microchip/xc8/v2.05/avr/bin/../lib/gcc/avr/5.4.0/../../../../avr/lib/avr5/libm.a(fp_zero.o)

.bss%z130       0x00800100        0x0
 .bss           0x00800100        0x0 /opt/microchip/xc8/v2.05/avr/bin/../lib/gcc/avr/5.4.0/../../../../avr/lib/avr5/libm.a(fp_zero.o)

.text.avrlibc.fplib
                0x000019c4        0xe
 .text.avrlibc.fplib
                0x000019c4        0xe /opt/microchip/xc8/v2.05/avr/bin/../lib/gcc/avr/5.4.0/../../../../avr/lib/avr5/libm.a(fp_zero.o)
                0x000019c4                __fp_zero
                0x000019c6                __fp_szero

.text%z131      0x00000000        0x0
 .text          0x00000000        0x0 /opt/microchip/xc8/v2.05/avr/bin/../lib/gcc/avr/5.4.0/../../../../avr/lib/avr5/libm.a(mulsf3.o)

.data%z132      0x00800100        0x0
 .data          0x00800100        0x0 /opt/microchip/xc8/v2.05/avr/bin/../lib/gcc/avr/5.4.0/../../../../avr/lib/avr5/libm.a(mulsf3.o)

.bss%z133       0x00800100        0x0
 .bss           0x00800100        0x0 /opt/microchip/xc8/v2.05/avr/bin/../lib/gcc/avr/5.4.0/../../../../avr/lib/avr5/libm.a(mulsf3.o)

.text.avrlibc.fplib
                0x00001a46        0x8
 .text.avrlibc.fplib
                0x00001a46        0x8 /opt/microchip/xc8/v2.05/avr/bin/../lib/gcc/avr/5.4.0/../../../../avr/lib/avr5/libm.a(mulsf3.o)
                0x00001a46                __mulsf3

.text%z134      0x00000000        0x0
 .text          0x00000000        0x0 /opt/microchip/xc8/v2.05/avr/bin/../lib/gcc/avr/5.4.0/../../../../avr/lib/avr5/libm.a(mulsf3x.o)

.data%z135      0x00800100        0x0
 .data          0x00800100        0x0 /opt/microchip/xc8/v2.05/avr/bin/../lib/gcc/avr/5.4.0/../../../../avr/lib/avr5/libm.a(mulsf3x.o)

.bss%z136       0x00800100        0x0
 .bss           0x00800100        0x0 /opt/microchip/xc8/v2.05/avr/bin/../lib/gcc/avr/5.4.0/../../../../avr/lib/avr5/libm.a(mulsf3x.o)

.text.avrlibc.fplib
                0x0000076a       0xd2
 .text.avrlibc.fplib
                0x0000076a       0xd2 /opt/microchip/xc8/v2.05/avr/bin/../lib/gcc/avr/5.4.0/../../../../avr/lib/avr5/libm.a(mulsf3x.o)
                0x00000788                __mulsf3x
                0x0000078e                __mulsf3_pse

.text%z137      0x00000000        0x0
 .text          0x00000000        0x0 /opt/microchip/xc8/v2.05/avr/bin/../lib/gcc/avr/5.4.0/../../../../avr/lib/avr5/libm.a(fp_inf.o)

.data%z138      0x00800100        0x0
 .data          0x00800100        0x0 /opt/microchip/xc8/v2.05/avr/bin/../lib/gcc/avr/5.4.0/../../../../avr/lib/avr5/libm.a(fp_inf.o)

.bss%z139       0x00800100        0x0
 .bss           0x00800100        0x0 /opt/microchip/xc8/v2.05/avr/bin/../lib/gcc/avr/5.4.0/../../../../avr/lib/avr5/libm.a(fp_inf.o)

.text.avrlibc.fplib
                0x00001a1e        0xc
 .text.avrlibc.fplib
                0x00001a1e        0xc /opt/microchip/xc8/v2.05/avr/bin/../lib/gcc/avr/5.4.0/../../../../avr/lib/avr5/libm.a(fp_inf.o)
                0x00001a1e                __fp_inf

.text%z140      0x00000000        0x0
 .text          0x00000000        0x0 /opt/microchip/xc8/v2.05/avr/bin/../lib/gcc/avr/5.4.0/../../../../avr/lib/avr5/libm.a(fp_nan.o)

.data%z141      0x00800100        0x0
 .data          0x00800100        0x0 /opt/microchip/xc8/v2.05/avr/bin/../lib/gcc/avr/5.4.0/../../../../avr/lib/avr5/libm.a(fp_nan.o)

.bss%z142       0x00800100        0x0
 .bss           0x00800100        0x0 /opt/microchip/xc8/v2.05/avr/bin/../lib/gcc/avr/5.4.0/../../../../avr/lib/avr5/libm.a(fp_nan.o)

.text.avrlibc.fplib
                0x00001a4e        0x6
 .text.avrlibc.fplib
                0x00001a4e        0x6 /opt/microchip/xc8/v2.05/avr/bin/../lib/gcc/avr/5.4.0/../../../../avr/lib/avr5/libm.a(fp_nan.o)
                0x00001a4e                __fp_nan

.text%z143      0x00000000        0x0
 .text          0x00000000        0x0 /opt/microchip/xc8/v2.05/avr/bin/../lib/gcc/avr/5.4.0/../../../../avr/lib/avr5/libm.a(fp_pscA.o)

.data%z144      0x00800100        0x0
 .data          0x00800100        0x0 /opt/microchip/xc8/v2.05/avr/bin/../lib/gcc/avr/5.4.0/../../../../avr/lib/avr5/libm.a(fp_pscA.o)

.bss%z145       0x00800100        0x0
 .bss           0x00800100        0x0 /opt/microchip/xc8/v2.05/avr/bin/../lib/gcc/avr/5.4.0/../../../../avr/lib/avr5/libm.a(fp_pscA.o)

.text.avrlibc.fplib
                0x000019d2        0xe
 .text.avrlibc.fplib
                0x000019d2        0xe /opt/microchip/xc8/v2.05/avr/bin/../lib/gcc/avr/5.4.0/../../../../avr/lib/avr5/libm.a(fp_pscA.o)
                0x000019d2                __fp_pscA

.text%z146      0x00000000        0x0
 .text          0x00000000        0x0 /opt/microchip/xc8/v2.05/avr/bin/../lib/gcc/avr/5.4.0/../../../../avr/lib/avr5/libm.a(fp_pscB.o)

.data%z147      0x00800100        0x0
 .data          0x00800100        0x0 /opt/microchip/xc8/v2.05/avr/bin/../lib/gcc/avr/5.4.0/../../../../avr/lib/avr5/libm.a(fp_pscB.o)

.bss%z148       0x00800100        0x0
 .bss           0x00800100        0x0 /opt/microchip/xc8/v2.05/avr/bin/../lib/gcc/avr/5.4.0/../../../../avr/lib/avr5/libm.a(fp_pscB.o)

.text.avrlibc.fplib
                0x000019e0        0xe
 .text.avrlibc.fplib
                0x000019e0        0xe /opt/microchip/xc8/v2.05/avr/bin/../lib/gcc/avr/5.4.0/../../../../avr/lib/avr5/libm.a(fp_pscB.o)
                0x000019e0                __fp_pscB

.text%z149      0x00000000        0x0
 .text          0x00000000        0x0 /opt/microchip/xc8/v2.05/avr/bin/../lib/gcc/avr/5.4.0/../../../../avr/lib/avr5/libm.a(fp_round.o)

.data%z150      0x00800100        0x0
 .data          0x00800100        0x0 /opt/microchip/xc8/v2.05/avr/bin/../lib/gcc/avr/5.4.0/../../../../avr/lib/avr5/libm.a(fp_round.o)

.bss%z151       0x00800100        0x0
 .bss           0x00800100        0x0 /opt/microchip/xc8/v2.05/avr/bin/../lib/gcc/avr/5.4.0/../../../../avr/lib/avr5/libm.a(fp_round.o)

.text.avrlibc.fplib
                0x00001760       0x22
 .text.avrlibc.fplib
                0x00001760       0x22 /opt/microchip/xc8/v2.05/avr/bin/../lib/gcc/avr/5.4.0/../../../../avr/lib/avr5/libm.a(fp_round.o)
                0x00001760                __fp_round

.text%z152      0x00000000        0x0
 .text          0x00000000        0x0 /opt/microchip/xc8/v2.05/avr/bin/../lib/gcc/avr/5.4.0/../../../../avr/lib/avr5/libc.a(itoa.o)

.data%z153      0x00800100        0x0
 .data          0x00800100        0x0 /opt/microchip/xc8/v2.05/avr/bin/../lib/gcc/avr/5.4.0/../../../../avr/lib/avr5/libc.a(itoa.o)

.bss%z154       0x00800100        0x0
 .bss           0x00800100        0x0 /opt/microchip/xc8/v2.05/avr/bin/../lib/gcc/avr/5.4.0/../../../../avr/lib/avr5/libc.a(itoa.o)

.text.avrlibc   0x000018c4       0x16
 .text.avrlibc  0x000018c4       0x16 /opt/microchip/xc8/v2.05/avr/bin/../lib/gcc/avr/5.4.0/../../../../avr/lib/avr5/libc.a(itoa.o)
                0x000018c4                itoa
                0x000018c4                __itoa

.text%z155      0x00000000        0x0
 .text          0x00000000        0x0 /opt/microchip/xc8/v2.05/avr/bin/../lib/gcc/avr/5.4.0/../../../../avr/lib/avr5/libc.a(itoa_ncheck.o)

.data%z156      0x00800100        0x0
 .data          0x00800100        0x0 /opt/microchip/xc8/v2.05/avr/bin/../lib/gcc/avr/5.4.0/../../../../avr/lib/avr5/libc.a(itoa_ncheck.o)

.bss%z157       0x00800100        0x0
 .bss           0x00800100        0x0 /opt/microchip/xc8/v2.05/avr/bin/../lib/gcc/avr/5.4.0/../../../../avr/lib/avr5/libc.a(itoa_ncheck.o)

.text.avrlibc   0x000018da       0x16
 .text.avrlibc  0x000018da       0x16 /opt/microchip/xc8/v2.05/avr/bin/../lib/gcc/avr/5.4.0/../../../../avr/lib/avr5/libc.a(itoa_ncheck.o)
                0x000018da                __itoa_ncheck

.text%z158      0x00000000        0x0
 .text          0x00000000        0x0 /opt/microchip/xc8/v2.05/avr/bin/../lib/gcc/avr/5.4.0/../../../../avr/lib/avr5/libc.a(utoa.o)

.data%z159      0x00800100        0x0
 .data          0x00800100        0x0 /opt/microchip/xc8/v2.05/avr/bin/../lib/gcc/avr/5.4.0/../../../../avr/lib/avr5/libc.a(utoa.o)

.bss%z160       0x00800100        0x0
 .bss           0x00800100        0x0 /opt/microchip/xc8/v2.05/avr/bin/../lib/gcc/avr/5.4.0/../../../../avr/lib/avr5/libc.a(utoa.o)

.text.avrlibc   0x000018f0       0x16
 .text.avrlibc  0x000018f0       0x16 /opt/microchip/xc8/v2.05/avr/bin/../lib/gcc/avr/5.4.0/../../../../avr/lib/avr5/libc.a(utoa.o)
                0x000018f0                utoa
                0x000018f0                __utoa

.text%z161      0x00000000        0x0
 .text          0x00000000        0x0 /opt/microchip/xc8/v2.05/avr/bin/../lib/gcc/avr/5.4.0/../../../../avr/lib/avr5/libc.a(utoa_ncheck.o)

.data%z162      0x00800100        0x0
 .data          0x00800100        0x0 /opt/microchip/xc8/v2.05/avr/bin/../lib/gcc/avr/5.4.0/../../../../avr/lib/avr5/libc.a(utoa_ncheck.o)

.bss%z163       0x00800100        0x0
 .bss           0x00800100        0x0 /opt/microchip/xc8/v2.05/avr/bin/../lib/gcc/avr/5.4.0/../../../../avr/lib/avr5/libc.a(utoa_ncheck.o)

.text.avrlibc   0x000015f0       0x34
 .text.avrlibc  0x000015f0       0x34 /opt/microchip/xc8/v2.05/avr/bin/../lib/gcc/avr/5.4.0/../../../../avr/lib/avr5/libc.a(utoa_ncheck.o)
                0x000015f0                __utoa_ncheck
                0x000015f2                __utoa_common

.text%z164      0x00000000        0x0
 .text          0x00000000        0x0 /opt/microchip/xc8/v2.05/avr/bin/../lib/gcc/avr/5.4.0/../../../../avr/lib/avr5/libc.a(strrev.o)

.data%z165      0x00800100        0x0
 .data          0x00800100        0x0 /opt/microchip/xc8/v2.05/avr/bin/../lib/gcc/avr/5.4.0/../../../../avr/lib/avr5/libc.a(strrev.o)

.bss%z166       0x00800100        0x0
 .bss           0x00800100        0x0 /opt/microchip/xc8/v2.05/avr/bin/../lib/gcc/avr/5.4.0/../../../../avr/lib/avr5/libc.a(strrev.o)

.text.avrlibc   0x00001822       0x20
 .text.avrlibc  0x00001822       0x20 /opt/microchip/xc8/v2.05/avr/bin/../lib/gcc/avr/5.4.0/../../../../avr/lib/avr5/libc.a(strrev.o)
                0x00001822                strrev
