Archive member included to satisfy reference by file (symbol)

/opt/microchip/xc8/v2.05/avr/bin/../lib/gcc/avr/5.4.0/avr5/libgcc.a(_udivmodsi4.o)
                              ./mcal/usart/usart.o (__udivmodsi4)
/opt/microchip/xc8/v2.05/avr/bin/../lib/gcc/avr/5.4.0/avr5/libgcc.a(_exit.o)
                              /opt/microchip/xc8/v2.05/avr/bin/../lib/gcc/avr/5.4.0/../../../../avr/lib/avr5/crtatmega328p.o (exit)
/opt/microchip/xc8/v2.05/avr/bin/../lib/gcc/avr/5.4.0/avr5/libgcc.a(_copy_data.o)
                              ./hal/seven_segment/seven_seg.o (__do_copy_data)
/opt/microchip/xc8/v2.05/avr/bin/../lib/gcc/avr/5.4.0/../../../../avr/lib/avr5/libm.a(floatsisf.o)
                              ./mcal/adc/adc.o (__floatunsisf)
/opt/microchip/xc8/v2.05/avr/bin/../lib/gcc/avr/5.4.0/../../../../avr/lib/avr5/libm.a(mulsf3.o)
                              ./mcal/adc/adc.o (__mulsf3)
/opt/microchip/xc8/v2.05/avr/bin/../lib/gcc/avr/5.4.0/../../../../avr/lib/avr5/libm.a(mulsf3x.o)
                              /opt/microchip/xc8/v2.05/avr/bin/../lib/gcc/avr/5.4.0/../../../../avr/lib/avr5/libm.a(mulsf3.o) (__mulsf3x)
/opt/microchip/xc8/v2.05/avr/bin/../lib/gcc/avr/5.4.0/../../../../avr/lib/avr5/libm.a(fp_inf.o)
                              /opt/microchip/xc8/v2.05/avr/bin/../lib/gcc/avr/5.4.0/../../../../avr/lib/avr5/libm.a(mulsf3x.o) (__fp_inf)
/opt/microchip/xc8/v2.05/avr/bin/../lib/gcc/avr/5.4.0/../../../../avr/lib/avr5/libm.a(fp_nan.o)
                              /opt/microchip/xc8/v2.05/avr/bin/../lib/gcc/avr/5.4.0/../../../../avr/lib/avr5/libm.a(mulsf3x.o) (__fp_nan)
/opt/microchip/xc8/v2.05/avr/bin/../lib/gcc/avr/5.4.0/../../../../avr/lib/avr5/libm.a(fp_pscA.o)
                              /opt/microchip/xc8/v2.05/avr/bin/../lib/gcc/avr/5.4.0/../../../../avr/lib/avr5/libm.a(mulsf3x.o) (__fp_pscA)
/opt/microchip/xc8/v2.05/avr/bin/../lib/gcc/avr/5.4.0/../../../../avr/lib/avr5/libm.a(fp_pscB.o)
                              /opt/microchip/xc8/v2.05/avr/bin/../lib/gcc/avr/5.4.0/../../../../avr/lib/avr5/libm.a(mulsf3x.o) (__fp_pscB)
/opt/microchip/xc8/v2.05/avr/bin/../lib/gcc/avr/5.4.0/../../../../avr/lib/avr5/libm.a(fp_round.o)
                              /opt/microchip/xc8/v2.05/avr/bin/../lib/gcc/avr/5.4.0/../../../../avr/lib/avr5/libm.a(mulsf3.o) (__fp_round)
/opt/microchip/xc8/v2.05/avr/bin/../lib/gcc/avr/5.4.0/../../../../avr/lib/avr5/libm.a(fp_split3.o)
                              /opt/microchip/xc8/v2.05/avr/bin/../lib/gcc/avr/5.4.0/../../../../avr/lib/avr5/libm.a(mulsf3x.o) (__fp_split3)
/opt/microchip/xc8/v2.05/avr/bin/../lib/gcc/avr/5.4.0/../../../../avr/lib/avr5/libm.a(fp_zero.o)
                              /opt/microchip/xc8/v2.05/avr/bin/../lib/gcc/avr/5.4.0/../../../../avr/lib/avr5/libm.a(mulsf3x.o) (__fp_szero)

Memory Configuration

Name             Origin             Length             Attributes
text             0x00000000         0x00008000         xr
data             0x00800100         0x00000800         rw !x
eeprom           0x00810000         0x00000400         rw !x
fuse             0x00820000         0x00000003         rw !x
lock             0x00830000         0x00000400         rw !x
signature        0x00840000         0x00000400         rw !x
user_signatures  0x00850000         0x00000400         rw !x
*default*        0x00000000         0xffffffff

Linker script and memory map

Address of section .data set to 0x800100
LOAD /opt/microchip/xc8/v2.05/avr/bin/../lib/gcc/avr/5.4.0/../../../../avr/lib/avr5/crtatmega328p.o
LOAD ./mcal/usart/usart.o
LOAD ./mcal/adc/adc.o
LOAD ./mcal/EEPROM/eeprom.o
LOAD ./mcal/DIO/Dio.o
LOAD ./hal/seven_segment/seven_seg.o
LOAD ./hal/lcd/lcd.o
LOAD ./hal/keypad/keypad.o
LOAD ./hal/h_bridge/h_bridge.o
LOAD ./apps/KeySafe/keysafe_app.o
LOAD ./apps/adc_app.o
LOAD ./apps/eeprom_app.o
LOAD ./apps/input_output_task.o
LOAD ./apps/keypad_app.o
LOAD ./apps/lcd_app.o
LOAD ./apps/robot_movement.o
LOAD ./apps/sevensegment_app.o
LOAD ./main.o
START GROUP
LOAD /opt/microchip/xc8/v2.05/avr/bin/../lib/gcc/avr/5.4.0/avr5/libgcc.a
LOAD /opt/microchip/xc8/v2.05/avr/bin/../lib/gcc/avr/5.4.0/../../../../avr/lib/avr5/libm.a
LOAD /opt/microchip/xc8/v2.05/avr/bin/../lib/gcc/avr/5.4.0/../../../../avr/lib/avr5/libc.a
LOAD /opt/microchip/xc8/v2.05/avr/bin/../lib/gcc/avr/5.4.0/../../../../avr/lib/avr5/libatmega328p.a
END GROUP
                0x00000000                __TEXT_REGION_ORIGIN__ = DEFINED (__TEXT_REGION_ORIGIN__)?__TEXT_REGION_ORIGIN__:0x0
                [0x00800100]                __DATA_REGION_ORIGIN__ = DEFINED (__DATA_REGION_ORIGIN__)?__DATA_REGION_ORIGIN__:0x800060
                [0x00008000]                __TEXT_REGION_LENGTH__ = DEFINED (__TEXT_REGION_LENGTH__)?__TEXT_REGION_LENGTH__:0x20000
                [0x00000800]                __DATA_REGION_LENGTH__ = DEFINED (__DATA_REGION_LENGTH__)?__DATA_REGION_LENGTH__:0xffa0
                [0x00000400]                __EEPROM_REGION_LENGTH__ = DEFINED (__EEPROM_REGION_LENGTH__)?__EEPROM_REGION_LENGTH__:0x10000
                [0x00000003]                __FUSE_REGION_LENGTH__ = DEFINED (__FUSE_REGION_LENGTH__)?__FUSE_REGION_LENGTH__:0x400
                0x00000400                __LOCK_REGION_LENGTH__ = DEFINED (__LOCK_REGION_LENGTH__)?__LOCK_REGION_LENGTH__:0x400
                0x00000400                __SIGNATURE_REGION_LENGTH__ = DEFINED (__SIGNATURE_REGION_LENGTH__)?__SIGNATURE_REGION_LENGTH__:0x400
                0x00000400                __USER_SIGNATURE_REGION_LENGTH__ = DEFINED (__USER_SIGNATURE_REGION_LENGTH__)?__USER_SIGNATURE_REGION_LENGTH__:0x400

.hash
 *(.hash)

.dynsym
 *(.dynsym)

.dynstr
 *(.dynstr)

.gnu.version
 *(.gnu.version)

.gnu.version_d
 *(.gnu.version_d)

.gnu.version_r
 *(.gnu.version_r)

.rel.init
 *(.rel.init)

.rela.init
 *(.rela.init)

.rel.text
 *(.rel.text)
 *(.rel.text.*)
 *(.rel.gnu.linkonce.t*)

.rela.text
 *(.rela.text)
 *(.rela.text.*)
 *(.rela.gnu.linkonce.t*)

.rel.fini
 *(.rel.fini)

.rela.fini
 *(.rela.fini)

.rel.rodata
 *(.rel.rodata)
 *(.rel.rodata.*)
 *(.rel.gnu.linkonce.r*)

.rela.rodata
 *(.rela.rodata)
 *(.rela.rodata.*)
 *(.rela.gnu.linkonce.r*)

.rel.data
 *(.rel.data)
 *(.rel.data.*)
 *(.rel.gnu.linkonce.d*)

.rela.data
 *(.rela.data)
 *(.rela.data.*)
 *(.rela.gnu.linkonce.d*)

.rel.ctors
 *(.rel.ctors)

.rela.ctors
 *(.rela.ctors)

.rel.dtors
 *(.rel.dtors)

.rela.dtors
 *(.rela.dtors)

.rel.got
 *(.rel.got)

.rela.got
 *(.rela.got)

.rel.bss
 *(.rel.bss)

.rela.bss
 *(.rela.bss)

.rel.plt
 *(.rel.plt)

.rela.plt
 *(.rela.plt)

.text           0x00000000       0xd8
 *(.vectors)
 .vectors       0x00000000       0x68 /opt/microchip/xc8/v2.05/avr/bin/../lib/gcc/avr/5.4.0/../../../../avr/lib/avr5/crtatmega328p.o
                0x00000000                __vectors
                0x00000000                __vector_default
 *(.vectors)
 *(.progmem.gcc*)
 *(.dinit)
 .dinit         0x00000068       0x1c data_init
                0x00000084                . = ALIGN (0x2)
                0x00000084                __trampolines_start = .
 *(.trampolines)
 .trampolines   0x00000084        0x0 linker stubs
 *(.trampolines*)
                0x00000084                __trampolines_end = .
 *libprintf_flt.a:*(.progmem.data)
 *libc.a:*(.progmem.data)
                0x00000084                . = ALIGN (0x2)
 *(.jumptables)
 *(.jumptables*)
 *(.lowtext)
 *(.lowtext*)
                0x00000084                __ctors_start = .
 *(.ctors)
                0x00000084                __ctors_end = .
                0x00000084                __dtors_start = .
 *(.dtors)
                0x00000084                __dtors_end = .
 SORT(*)(.ctors)
 SORT(*)(.dtors)
 *(.init0)
 .init0         0x00000084        0x0 /opt/microchip/xc8/v2.05/avr/bin/../lib/gcc/avr/5.4.0/../../../../avr/lib/avr5/crtatmega328p.o
                0x00000084                __init
 *(.init0)
 *(.init1)
 *(.init1)
 *(.init2)
 .init2         0x00000084        0xc /opt/microchip/xc8/v2.05/avr/bin/../lib/gcc/avr/5.4.0/../../../../avr/lib/avr5/crtatmega328p.o
 *(.init2)
 *(.init3)
 *(.init3)
 *(.init4)
 .init4         0x00000090       0x3c /opt/microchip/xc8/v2.05/avr/bin/../lib/gcc/avr/5.4.0/avr5/libgcc.a(_copy_data.o)
                0x00000090                __do_copy_data
                0x000000be                __do_clear_bss
 *(.init4)
 *(.init5)
 *(.init5)
 *(.init6)
 *(.init6)
 *(.init7)
 *(.init7)
 *(.init8)
 *(.init8)
 *(.init9)
 .init9         0x000000cc        0x8 /opt/microchip/xc8/v2.05/avr/bin/../lib/gcc/avr/5.4.0/../../../../avr/lib/avr5/crtatmega328p.o
 *(.init9)
                0x000000d4                . = ALIGN (0x2)
 *(.fini9)
 .fini9         0x000000d4        0x0 /opt/microchip/xc8/v2.05/avr/bin/../lib/gcc/avr/5.4.0/avr5/libgcc.a(_exit.o)
                0x000000d4                exit
                0x000000d4                _exit
 *(.fini9)
 *(.fini8)
 *(.fini8)
 *(.fini7)
 *(.fini7)
 *(.fini6)
 *(.fini6)
 *(.fini5)
 *(.fini5)
 *(.fini4)
 *(.fini4)
 *(.fini3)
 *(.fini3)
 *(.fini2)
 *(.fini2)
 *(.fini1)
 *(.fini1)
 *(.fini0)
 .fini0         0x000000d4        0x4 /opt/microchip/xc8/v2.05/avr/bin/../lib/gcc/avr/5.4.0/avr5/libgcc.a(_exit.o)
 *(.fini0)
                0x000000d8                _etext = .

.data           0x00800100        0x0 load address 0x000000d8
                [!provide]                PROVIDE (__data_start, .)
 *(.gnu.linkonce.d*)
 *(.gnu.linkonce.r*)
                0x00800100                . = ALIGN (0x2)
                0x00800100                _edata = .
                [!provide]                PROVIDE (__data_end, .)

.bss            0x00800100        0x0
                [!provide]                PROVIDE (__bss_start, .)
 *(COMMON)
                [!provide]                PROVIDE (__bss_end, .)
                0x000000d8                __data_load_start = LOADADDR (.data)
                0x000000d8                __data_load_end = (__data_load_start + SIZEOF (.data))

.noinit         0x00800100        0x0
                [!provide]                PROVIDE (__noinit_start, .)
 *(.noinit*)
                [!provide]                PROVIDE (__noinit_end, .)
                0x00800100                _end = .

.eeprom         0x00810000        0x0
 *(.eeprom*)
                0x00810000                __eeprom_end = .

.fuse
 *(.fuse)
 *(.lfuse)
 *(.hfuse)
 *(.efuse)

.lock
 *(.lock*)

.signature
 *(.signature*)

.user_signatures
 *(.user_signatures*)

.stab
 *(.stab)

.stabstr
 *(.stabstr)

.stab.excl
 *(.stab.excl)

.stab.exclstr
 *(.stab.exclstr)

.stab.index
 *(.stab.index)

.stab.indexstr
 *(.stab.indexstr)

.comment        0x00000000       0x2f
 *(.comment)
 .comment       0x00000000       0x2f ./mcal/usart/usart.o
                                 0x30 (size before relaxing)
 .comment       0x0000002f       0x30 ./mcal/adc/adc.o
 .comment       0x0000002f       0x30 ./mcal/EEPROM/eeprom.o
 .comment       0x0000002f       0x30 ./mcal/DIO/Dio.o
 .comment       0x0000002f       0x30 ./hal/seven_segment/seven_seg.o
 .comment       0x0000002f       0x30 ./hal/lcd/lcd.o
 .comment       0x0000002f       0x30 ./hal/keypad/keypad.o
 .comment       0x0000002f       0x30 ./hal/h_bridge/h_bridge.o
 .comment       0x0000002f       0x30 ./apps/KeySafe/keysafe_app.o
 .comment       0x0000002f       0x30 ./apps/adc_app.o
 .comment       0x0000002f       0x30 ./apps/eeprom_app.o
 .comment       0x0000002f       0x30 ./apps/input_output_task.o
 .comment       0x0000002f       0x30 ./apps/keypad_app.o
 .comment       0x0000002f       0x30 ./apps/lcd_app.o
 .comment       0x0000002f       0x30 ./apps/robot_movement.o
 .comment       0x0000002f       0x30 ./apps/sevensegment_app.o
 .comment       0x0000002f       0x30 ./main.o

.note.gnu.build-id
 *(.note.gnu.build-id)

.debug
 *(.debug)

.line
 *(.line)

.debug_srcinfo
 *(.debug_srcinfo)

.debug_sfnames
 *(.debug_sfnames)

.debug_aranges
 *(.debug_aranges)

.debug_pubnames
 *(.debug_pubnames)

.debug_info     0x00000000      0x5f4
 *(.debug_info .gnu.linkonce.wi.*)
 .debug_info    0x00000000      0x5f4 /opt/microchip/xc8/v2.05/avr/bin/../lib/gcc/avr/5.4.0/../../../../avr/lib/avr5/crtatmega328p.o

.debug_abbrev   0x00000000      0x5a2
 *(.debug_abbrev)
 .debug_abbrev  0x00000000      0x5a2 /opt/microchip/xc8/v2.05/avr/bin/../lib/gcc/avr/5.4.0/../../../../avr/lib/avr5/crtatmega328p.o

.debug_line     0x00000000       0x1a
 *(.debug_line .debug_line.* .debug_line_end)
 .debug_line    0x00000000       0x1a /opt/microchip/xc8/v2.05/avr/bin/../lib/gcc/avr/5.4.0/../../../../avr/lib/avr5/crtatmega328p.o

.debug_frame
 *(.debug_frame)

.debug_str      0x00000000      0x208
 *(.debug_str)
 .debug_str     0x00000000      0x208 /opt/microchip/xc8/v2.05/avr/bin/../lib/gcc/avr/5.4.0/../../../../avr/lib/avr5/crtatmega328p.o

.debug_loc
 *(.debug_loc)

.debug_macinfo
 *(.debug_macinfo)

.debug_weaknames
 *(.debug_weaknames)

.debug_funcnames
 *(.debug_funcnames)

.debug_typenames
 *(.debug_typenames)

.debug_varnames
 *(.debug_varnames)

.debug_pubtypes
 *(.debug_pubtypes)

.debug_ranges
 *(.debug_ranges)

.debug_macro
 *(.debug_macro)
OUTPUT(avr_sdk.elf elf32-avr)
LOAD linker stubs
LOAD data_init

.text           0x0000119a        0x4
 .text          0x0000119a        0x4 /opt/microchip/xc8/v2.05/avr/bin/../lib/gcc/avr/5.4.0/../../../../avr/lib/avr5/crtatmega328p.o
                0x0000119a                __vector_22
                0x0000119a                __vector_1
                0x0000119a                __vector_24
                0x0000119a                __vector_12
                0x0000119a                __bad_interrupt
                0x0000119a                __vector_6
                0x0000119a                __vector_3
                0x0000119a                __vector_23
                0x0000119a                __vector_25
                0x0000119a                __vector_11
                0x0000119a                __vector_13
                0x0000119a                __vector_17
                0x0000119a                __vector_19
                0x0000119a                __vector_7
                0x0000119a                __vector_5
                0x0000119a                __vector_4
                0x0000119a                __vector_9
                0x0000119a                __vector_2
                0x0000119a                __vector_21
                0x0000119a                __vector_15
                0x0000119a                __vector_8
                0x0000119a                __vector_14
                0x0000119a                __vector_10
                0x0000119a                __vector_16
                0x0000119a                __vector_18
                0x0000119a                __vector_20

.data%z1        0x00800100        0x0
 .data          0x00800100        0x0 /opt/microchip/xc8/v2.05/avr/bin/../lib/gcc/avr/5.4.0/../../../../avr/lib/avr5/crtatmega328p.o

.bss%z2         0x00800100        0x0
 .bss           0x00800100        0x0 /opt/microchip/xc8/v2.05/avr/bin/../lib/gcc/avr/5.4.0/../../../../avr/lib/avr5/crtatmega328p.o

.note.gnu.avr.deviceinfo
                0x00000000       0x40
 .note.gnu.avr.deviceinfo
                0x00000000       0x40 /opt/microchip/xc8/v2.05/avr/bin/../lib/gcc/avr/5.4.0/../../../../avr/lib/avr5/crtatmega328p.o

.text%z3        0x00000000        0x0
 .text          0x00000000        0x0 ./mcal/usart/usart.o

.data%z4        0x00800100        0x0
 .data          0x00800100        0x0 ./mcal/usart/usart.o

.bss%z5         0x00800100        0x0
 .bss           0x00800100        0x0 ./mcal/usart/usart.o

.text.init_usart
                0x000008f6       0x90
 .text.init_usart
                0x000008f6       0x90 ./mcal/usart/usart.o
                0x000008f6                init_usart

.text.usart_write_char
                0x00001116        0xe
 .text.usart_write_char
                0x00001116        0xe ./mcal/usart/usart.o
                0x00001116                usart_write_char

.text.usart_write_text
                0x00000f74       0x26
 .text.usart_write_text
                0x00000f74       0x26 ./mcal/usart/usart.o
                0x00000f74                usart_write_text

.text.usart_read_char
                0x00001124        0xe
 .text.usart_read_char
                0x00001124        0xe ./mcal/usart/usart.o
                0x00001124                usart_read_char

.text.usart_data_available
                0x0000116a        0xc
 .text.usart_data_available
                0x0000116a        0xc ./mcal/usart/usart.o
                0x0000116a                usart_data_available

.text%z6        0x00000000        0x0
 .text          0x00000000        0x0 ./mcal/adc/adc.o

.data%z7        0x00800100        0x0
 .data          0x00800100        0x0 ./mcal/adc/adc.o

.bss%z8         0x00800100        0x0
 .bss           0x00800100        0x0 ./mcal/adc/adc.o

.text.init_adc  0x00000e8a       0x34
 .text.init_adc
                0x00000e8a       0x34 ./mcal/adc/adc.o
                0x00000e8a                init_adc

.text.adc_channel_read
                0x00000ef2       0x2c
 .text.adc_channel_read
                0x00000ef2       0x2c ./mcal/adc/adc.o
                0x00000ef2                adc_channel_read

.text.get_analog_value
                0x00000d52       0x40
 .text.get_analog_value
                0x00000d52       0x40 ./mcal/adc/adc.o
                0x00000d52                get_analog_value

.text%z9        0x00000000        0x0
 .text          0x00000000        0x0 ./mcal/EEPROM/eeprom.o

.data%z10       0x00800100        0x0
 .data          0x00800100        0x0 ./mcal/EEPROM/eeprom.o

.bss%z11        0x00800100        0x0
 .bss           0x00800100        0x0 ./mcal/EEPROM/eeprom.o

.text.EEPROM_write
                0x00001106       0x10
 .text.EEPROM_write
                0x00001106       0x10 ./mcal/EEPROM/eeprom.o
                0x00001106                EEPROM_write

.text.EEPROM_read
                0x00001132        0xe
 .text.EEPROM_read
                0x00001132        0xe ./mcal/EEPROM/eeprom.o
                0x00001132                EEPROM_read

.text%z12       0x00000000        0x0
 .text          0x00000000        0x0 ./mcal/DIO/Dio.o

.data%z13       0x00800100        0x0
 .data          0x00800100        0x0 ./mcal/DIO/Dio.o

.bss%z14        0x00800100        0x0
 .bss           0x00800100        0x0 ./mcal/DIO/Dio.o

.text.dio_channel_config
                0x000000d8      0x14c
 .text.dio_channel_config
                0x000000d8      0x14c ./mcal/DIO/Dio.o
                0x000000d8                dio_channel_config

.text.dio_channel_set
                0x00000224      0x12c
 .text.dio_channel_set
                0x00000224      0x12c ./mcal/DIO/Dio.o
                0x00000224                dio_channel_set

.text.dio_channel_read
                0x00000c86       0x44
 .text.dio_channel_read
                0x00000c86       0x44 ./mcal/DIO/Dio.o
                0x00000c86                dio_channel_read

.text.dio_port_config
                0x0000109a       0x18
 .text.dio_port_config
                0x0000109a       0x18 ./mcal/DIO/Dio.o
                0x0000109a                dio_port_config

.text.dio_port_set
                0x000010b2       0x18
 .text.dio_port_set
                0x000010b2       0x18 ./mcal/DIO/Dio.o
                0x000010b2                dio_port_set

.text%z15       0x00000000        0x0
 .text          0x00000000        0x0 ./hal/seven_segment/seven_seg.o

.data%z16       0x00800100        0x0
 .data          0x00800100        0x0 ./hal/seven_segment/seven_seg.o

.bss%z17        0x00800100        0x0
 .bss           0x00800100        0x0 ./hal/seven_segment/seven_seg.o

.text.display_digit_private
                0x00000b9e       0x58
 .text.display_digit_private
                0x00000b9e       0x58 ./hal/seven_segment/seven_seg.o
                0x00000b9e                display_digit_private

.text.init_seven_segment
                0x00000dd2       0x3e
 .text.init_seven_segment
                0x00000dd2       0x3e ./hal/seven_segment/seven_seg.o
                0x00000dd2                init_seven_segment

.text.display_digit
                0x000010ca       0x14
 .text.display_digit
                0x000010ca       0x14 ./hal/seven_segment/seven_seg.o
                0x000010ca                display_digit

.rodata.segDataCathod
                0x0080017c        0xa load address 0x0000121e
 .rodata.segDataCathod
                0x0080017c        0xa ./hal/seven_segment/seven_seg.o
                0x0080017c                segDataCathod

.text%z18       0x00000000        0x0
 .text          0x00000000        0x0 ./hal/lcd/lcd.o

.data%z19       0x00800100        0x0 load address 0x000011a2
 .data          0x00800100        0x0 ./hal/lcd/lcd.o

.bss%z20        0x00800100        0x0 load address 0x000011a2
 .bss           0x00800100        0x0 ./hal/lcd/lcd.o

.text.send_instruction_4bit
                0x00000ae0       0x62
 .text.send_instruction_4bit
                0x00000ae0       0x62 ./hal/lcd/lcd.o

.text.send_instruction_8bit
                0x000006d6       0xb8
 .text.send_instruction_8bit
                0x000006d6       0xb8 ./hal/lcd/lcd.o

.text.send_data_8bit
                0x0000078e       0xb8
 .text.send_data_8bit
                0x0000078e       0xb8 ./hal/lcd/lcd.o

.text.init_lcd  0x00000846       0xb0
 .text.init_lcd
                0x00000846       0xb0 ./hal/lcd/lcd.o
                0x00000846                init_lcd

.text.lcd_write_text
                0x00000bf6       0x4a
 .text.lcd_write_text
                0x00000bf6       0x4a ./hal/lcd/lcd.o
                0x00000bf6                lcd_write_text

.text.lcd_write_char
                0x00000f4a       0x2a
 .text.lcd_write_char
                0x00000f4a       0x2a ./hal/lcd/lcd.o
                0x00000f4a                lcd_write_char

.text.lcd_write_char_cp
                0x0000119e        0x4
 .text.lcd_write_char_cp
                0x0000119e        0x4 ./hal/lcd/lcd.o
                0x0000119e                lcd_write_char_cp

.text.lcd_write_text_cp
                0x00000f1e       0x2c
 .text.lcd_write_text_cp
                0x00000f1e       0x2c ./hal/lcd/lcd.o
                0x00000f1e                lcd_write_text_cp

.text.lcd_clear
                0x000010de       0x14
 .text.lcd_clear
                0x000010de       0x14 ./hal/lcd/lcd.o
                0x000010de                lcd_clear

.text%z21       0x00000000        0x0
 .text          0x00000000        0x0 ./hal/keypad/keypad.o

.data%z22       0x00800100        0x0 load address 0x000011a2
 .data          0x00800100        0x0 ./hal/keypad/keypad.o

.bss%z23        0x00800100        0x0 load address 0x000011a2
 .bss           0x00800100        0x0 ./hal/keypad/keypad.o

.text.output_scan_pattern
                0x00000ebe       0x34
 .text.output_scan_pattern
                0x00000ebe       0x34 ./hal/keypad/keypad.o

.text.scan      0x00000a76       0x6a
 .text.scan     0x00000a76       0x6a ./hal/keypad/keypad.o

.text.init_keypad
                0x00000c40       0x46
 .text.init_keypad
                0x00000c40       0x46 ./hal/keypad/keypad.o
                0x00000c40                init_keypad

.text.get_key_clicked
                0x00000f9a       0x24
 .text.get_key_clicked
                0x00000f9a       0x24 ./hal/keypad/keypad.o
                0x00000f9a                get_key_clicked

.text.get_key_pressed
                0x00001080       0x1a
 .text.get_key_pressed
                0x00001080       0x1a ./hal/keypad/keypad.o
                0x00001080                get_key_pressed

.rodata.MAPPEDCHARS
                0x0080016c       0x10 load address 0x0000120e
 .rodata.MAPPEDCHARS
                0x0080016c       0x10 ./hal/keypad/keypad.o
                0x0080016c                MAPPEDCHARS

.rodata.SCAN_PATTERN
                0x00800186        0x5 load address 0x00001228
 .rodata.SCAN_PATTERN
                0x00800186        0x5 ./hal/keypad/keypad.o
                0x00800186                SCAN_PATTERN

.text%z24       0x00000000        0x0
 .text          0x00000000        0x0 ./hal/h_bridge/h_bridge.o

.data%z25       0x00800100        0x0 load address 0x000011a2
 .data          0x00800100        0x0 ./hal/h_bridge/h_bridge.o

.bss%z26        0x00800100        0x0 load address 0x000011a2
 .bss           0x00800100        0x0 ./hal/h_bridge/h_bridge.o

.text.init_motors
                0x00000d92       0x40
 .text.init_motors
                0x00000d92       0x40 ./hal/h_bridge/h_bridge.o
                0x00000d92                init_motors

.text.motors_forward
                0x00000fe0       0x20
 .text.motors_forward
                0x00000fe0       0x20 ./hal/h_bridge/h_bridge.o
                0x00000fe0                motors_forward

.text.motors_backward
                0x00001000       0x20
 .text.motors_backward
                0x00001000       0x20 ./hal/h_bridge/h_bridge.o
                0x00001000                motors_backward

.text.motors_rotate_cw
                0x00001020       0x20
 .text.motors_rotate_cw
                0x00001020       0x20 ./hal/h_bridge/h_bridge.o
                0x00001020                motors_rotate_cw

.text.motors_rotate_acw
                0x00001040       0x20
 .text.motors_rotate_acw
                0x00001040       0x20 ./hal/h_bridge/h_bridge.o
                0x00001040                motors_rotate_acw

.text.motors_hold
                0x00001060       0x20
 .text.motors_hold
                0x00001060       0x20 ./hal/h_bridge/h_bridge.o
                0x00001060                motors_hold

.text%z27       0x00000000        0x0
 .text          0x00000000        0x0 ./apps/KeySafe/keysafe_app.o

.data%z28       0x00800100        0x0 load address 0x000011a2
 .data          0x00800100        0x0 ./apps/KeySafe/keysafe_app.o

.bss%z29        0x00800100        0x0 load address 0x000011a2
 .bss           0x00800100        0x0 ./apps/KeySafe/keysafe_app.o

.rodata         0x00800100       0x6c load address 0x000011a2
 .rodata        0x00800100       0x6c ./apps/KeySafe/keysafe_app.o

.text.init_system
                0x00000e10       0x3e
 .text.init_system
                0x00000e10       0x3e ./apps/KeySafe/keysafe_app.o
                0x00000e10                init_system

.text.is_this_new_safe
                0x000010f2       0x14
 .text.is_this_new_safe
                0x000010f2       0x14 ./apps/KeySafe/keysafe_app.o
                0x000010f2                is_this_new_safe

.text.enter_new_password_handeller
                0x00000350      0x108
 .text.enter_new_password_handeller
                0x00000350      0x108 ./apps/KeySafe/keysafe_app.o
                0x00000350                enter_new_password_handeller

.text.load_save_configuration
                0x00000b42       0x5c
 .text.load_save_configuration
                0x00000b42       0x5c ./apps/KeySafe/keysafe_app.o
                0x00000b42                load_save_configuration

.text.scan_save_password
                0x00000458       0xde
 .text.scan_save_password
                0x00000458       0xde ./apps/KeySafe/keysafe_app.o
                0x00000458                scan_save_password

.text.key_safe_app
                0x00000608       0xce
 .text.key_safe_app
                0x00000608       0xce ./apps/KeySafe/keysafe_app.o
                0x00000608                key_safe_app

.text.is_passwords_equal
                0x00000e4e       0x3c
 .text.is_passwords_equal
                0x00000e4e       0x3c ./apps/KeySafe/keysafe_app.o
                0x00000e4e                is_passwords_equal

.text%z30       0x00000000        0x0
 .text          0x00000000        0x0 ./apps/adc_app.o

.data%z31       0x00800100        0x0 load address 0x000011a2
 .data          0x00800100        0x0 ./apps/adc_app.o

.bss%z32        0x00800100        0x0 load address 0x000011a2
 .bss           0x00800100        0x0 ./apps/adc_app.o

.text%z33       0x00000000        0x0
 .text          0x00000000        0x0 ./apps/eeprom_app.o

.data%z34       0x00800100        0x0 load address 0x000011a2
 .data          0x00800100        0x0 ./apps/eeprom_app.o

.bss%z35        0x00800100        0x0 load address 0x000011a2
 .bss           0x00800100        0x0 ./apps/eeprom_app.o

.text%z36       0x00000000        0x0
 .text          0x00000000        0x0 ./apps/input_output_task.o

.data%z37       0x00800100        0x0 load address 0x000011a2
 .data          0x00800100        0x0 ./apps/input_output_task.o

.bss%z38        0x00800100        0x0 load address 0x000011a2
 .bss           0x00800100        0x0 ./apps/input_output_task.o

.text%z39       0x00000000        0x0
 .text          0x00000000        0x0 ./apps/keypad_app.o

.data%z40       0x00800100        0x0 load address 0x000011a2
 .data          0x00800100        0x0 ./apps/keypad_app.o

.bss%z41        0x00800100        0x0 load address 0x000011a2
 .bss           0x00800100        0x0 ./apps/keypad_app.o

.text%z42       0x00000000        0x0
 .text          0x00000000        0x0 ./apps/lcd_app.o

.data%z43       0x00800100        0x0 load address 0x000011a2
 .data          0x00800100        0x0 ./apps/lcd_app.o

.bss%z44        0x00800100        0x0 load address 0x000011a2
 .bss           0x00800100        0x0 ./apps/lcd_app.o

.text%z45       0x00000000        0x0
 .text          0x00000000        0x0 ./apps/robot_movement.o

.data%z46       0x00800100        0x0 load address 0x000011a2
 .data          0x00800100        0x0 ./apps/robot_movement.o

.bss%z47        0x00800100        0x0 load address 0x000011a2
 .bss           0x00800100        0x0 ./apps/robot_movement.o

.text.robot_app
                0x00000a00       0x76
 .text.robot_app
                0x00000a00       0x76 ./apps/robot_movement.o
                0x00000a00                robot_app

.text%z48       0x00000000        0x0
 .text          0x00000000        0x0 ./apps/sevensegment_app.o

.data%z49       0x00800100        0x0 load address 0x000011a2
 .data          0x00800100        0x0 ./apps/sevensegment_app.o

.bss%z50        0x00800100        0x0 load address 0x000011a2
 .bss           0x00800100        0x0 ./apps/sevensegment_app.o

.text%z51       0x00000000        0x0
 .text          0x00000000        0x0 ./main.o

.data%z52       0x00800100        0x0 load address 0x000011a2
 .data          0x00800100        0x0 ./main.o

.bss%z53        0x00800100        0x0 load address 0x000011a2
 .bss           0x00800100        0x0 ./main.o

.text.startup.main
                0x00001182        0xa
 .text.startup.main
                0x00001182        0xa ./main.o
                0x00001182                main

.text%z54       0x00000000        0x0
 .text          0x00000000        0x0 /opt/microchip/xc8/v2.05/avr/bin/../lib/gcc/avr/5.4.0/avr5/libgcc.a(_udivmodsi4.o)

.data%z55       0x00800100        0x0 load address 0x000011a2
 .data          0x00800100        0x0 /opt/microchip/xc8/v2.05/avr/bin/../lib/gcc/avr/5.4.0/avr5/libgcc.a(_udivmodsi4.o)

.bss%z56        0x00800100        0x0 load address 0x000011a2
 .bss           0x00800100        0x0 /opt/microchip/xc8/v2.05/avr/bin/../lib/gcc/avr/5.4.0/avr5/libgcc.a(_udivmodsi4.o)

.text.libgcc.mul%z57
                0x00000000        0x0
 .text.libgcc.mul
                0x00000000        0x0 /opt/microchip/xc8/v2.05/avr/bin/../lib/gcc/avr/5.4.0/avr5/libgcc.a(_udivmodsi4.o)

.text.libgcc.div
                0x00000cca       0x44
 .text.libgcc.div
                0x00000cca       0x44 /opt/microchip/xc8/v2.05/avr/bin/../lib/gcc/avr/5.4.0/avr5/libgcc.a(_udivmodsi4.o)
                0x00000cca                __udivmodsi4

.text.libgcc%z58
                0x00000000        0x0
 .text.libgcc   0x00000000        0x0 /opt/microchip/xc8/v2.05/avr/bin/../lib/gcc/avr/5.4.0/avr5/libgcc.a(_udivmodsi4.o)

.text.libgcc.prologue%z59
                0x00000000        0x0
 .text.libgcc.prologue
                0x00000000        0x0 /opt/microchip/xc8/v2.05/avr/bin/../lib/gcc/avr/5.4.0/avr5/libgcc.a(_udivmodsi4.o)

.text.libgcc.builtins%z60
                0x00000000        0x0
 .text.libgcc.builtins
                0x00000000        0x0 /opt/microchip/xc8/v2.05/avr/bin/../lib/gcc/avr/5.4.0/avr5/libgcc.a(_udivmodsi4.o)

.text.libgcc.fmul%z61
                0x00000000        0x0
 .text.libgcc.fmul
                0x00000000        0x0 /opt/microchip/xc8/v2.05/avr/bin/../lib/gcc/avr/5.4.0/avr5/libgcc.a(_udivmodsi4.o)

.text.libgcc.fixed%z62
                0x00000000        0x0
 .text.libgcc.fixed
                0x00000000        0x0 /opt/microchip/xc8/v2.05/avr/bin/../lib/gcc/avr/5.4.0/avr5/libgcc.a(_udivmodsi4.o)

.text%z63       0x00000000        0x0
 .text          0x00000000        0x0 /opt/microchip/xc8/v2.05/avr/bin/../lib/gcc/avr/5.4.0/avr5/libgcc.a(_exit.o)

.data%z64       0x00800100        0x0 load address 0x000011a2
 .data          0x00800100        0x0 /opt/microchip/xc8/v2.05/avr/bin/../lib/gcc/avr/5.4.0/avr5/libgcc.a(_exit.o)

.bss%z65        0x00800100        0x0 load address 0x000011a2
 .bss           0x00800100        0x0 /opt/microchip/xc8/v2.05/avr/bin/../lib/gcc/avr/5.4.0/avr5/libgcc.a(_exit.o)

.text.libgcc.mul%z66
                0x00000000        0x0
 .text.libgcc.mul
                0x00000000        0x0 /opt/microchip/xc8/v2.05/avr/bin/../lib/gcc/avr/5.4.0/avr5/libgcc.a(_exit.o)

.text.libgcc.div%z67
                0x00000000        0x0
 .text.libgcc.div
                0x00000000        0x0 /opt/microchip/xc8/v2.05/avr/bin/../lib/gcc/avr/5.4.0/avr5/libgcc.a(_exit.o)

.text.libgcc%z68
                0x00000000        0x0
 .text.libgcc   0x00000000        0x0 /opt/microchip/xc8/v2.05/avr/bin/../lib/gcc/avr/5.4.0/avr5/libgcc.a(_exit.o)

.text.libgcc.prologue%z69
                0x00000000        0x0
 .text.libgcc.prologue
                0x00000000        0x0 /opt/microchip/xc8/v2.05/avr/bin/../lib/gcc/avr/5.4.0/avr5/libgcc.a(_exit.o)

.text.libgcc.builtins%z70
                0x00000000        0x0
 .text.libgcc.builtins
                0x00000000        0x0 /opt/microchip/xc8/v2.05/avr/bin/../lib/gcc/avr/5.4.0/avr5/libgcc.a(_exit.o)

.text.libgcc.fmul%z71
                0x00000000        0x0
 .text.libgcc.fmul
                0x00000000        0x0 /opt/microchip/xc8/v2.05/avr/bin/../lib/gcc/avr/5.4.0/avr5/libgcc.a(_exit.o)

.text.libgcc.fixed%z72
                0x00000000        0x0
 .text.libgcc.fixed
                0x00000000        0x0 /opt/microchip/xc8/v2.05/avr/bin/../lib/gcc/avr/5.4.0/avr5/libgcc.a(_exit.o)

.text%z73       0x00000000        0x0
 .text          0x00000000        0x0 /opt/microchip/xc8/v2.05/avr/bin/../lib/gcc/avr/5.4.0/avr5/libgcc.a(_copy_data.o)

.data%z74       0x00800100        0x0 load address 0x000011a2
 .data          0x00800100        0x0 /opt/microchip/xc8/v2.05/avr/bin/../lib/gcc/avr/5.4.0/avr5/libgcc.a(_copy_data.o)

.bss%z75        0x00800100        0x0 load address 0x000011a2
 .bss           0x00800100        0x0 /opt/microchip/xc8/v2.05/avr/bin/../lib/gcc/avr/5.4.0/avr5/libgcc.a(_copy_data.o)

.text.libgcc.mul%z76
                0x00000000        0x0
 .text.libgcc.mul
                0x00000000        0x0 /opt/microchip/xc8/v2.05/avr/bin/../lib/gcc/avr/5.4.0/avr5/libgcc.a(_copy_data.o)

.text.libgcc.div%z77
                0x00000000        0x0
 .text.libgcc.div
                0x00000000        0x0 /opt/microchip/xc8/v2.05/avr/bin/../lib/gcc/avr/5.4.0/avr5/libgcc.a(_copy_data.o)

.text.libgcc%z78
                0x00000000        0x0
 .text.libgcc   0x00000000        0x0 /opt/microchip/xc8/v2.05/avr/bin/../lib/gcc/avr/5.4.0/avr5/libgcc.a(_copy_data.o)

.text.libgcc.prologue%z79
                0x00000000        0x0
 .text.libgcc.prologue
                0x00000000        0x0 /opt/microchip/xc8/v2.05/avr/bin/../lib/gcc/avr/5.4.0/avr5/libgcc.a(_copy_data.o)

.text.libgcc.builtins%z80
                0x00000000        0x0
 .text.libgcc.builtins
                0x00000000        0x0 /opt/microchip/xc8/v2.05/avr/bin/../lib/gcc/avr/5.4.0/avr5/libgcc.a(_copy_data.o)

.text.libgcc.fmul%z81
                0x00000000        0x0
 .text.libgcc.fmul
                0x00000000        0x0 /opt/microchip/xc8/v2.05/avr/bin/../lib/gcc/avr/5.4.0/avr5/libgcc.a(_copy_data.o)

.text.libgcc.fixed%z82
                0x00000000        0x0
 .text.libgcc.fixed
                0x00000000        0x0 /opt/microchip/xc8/v2.05/avr/bin/../lib/gcc/avr/5.4.0/avr5/libgcc.a(_copy_data.o)

.text%z83       0x00000000        0x0
 .text          0x00000000        0x0 /opt/microchip/xc8/v2.05/avr/bin/../lib/gcc/avr/5.4.0/../../../../avr/lib/avr5/libm.a(floatsisf.o)

.data%z84       0x00800100        0x0 load address 0x000011a2
 .data          0x00800100        0x0 /opt/microchip/xc8/v2.05/avr/bin/../lib/gcc/avr/5.4.0/../../../../avr/lib/avr5/libm.a(floatsisf.o)

.bss%z85        0x00800100        0x0 load address 0x000011a2
 .bss           0x00800100        0x0 /opt/microchip/xc8/v2.05/avr/bin/../lib/gcc/avr/5.4.0/../../../../avr/lib/avr5/libm.a(floatsisf.o)

.text.avrlibc.fplib
                0x00000986       0x7a
 .text.avrlibc.fplib
                0x00000986       0x7a /opt/microchip/xc8/v2.05/avr/bin/../lib/gcc/avr/5.4.0/../../../../avr/lib/avr5/libm.a(floatsisf.o)
                0x00000986                __floatunsisf
                0x0000098a                __floatsisf

.text%z86       0x00000000        0x0
 .text          0x00000000        0x0 /opt/microchip/xc8/v2.05/avr/bin/../lib/gcc/avr/5.4.0/../../../../avr/lib/avr5/libm.a(mulsf3.o)

.data%z87       0x00800100        0x0 load address 0x000011a2
 .data          0x00800100        0x0 /opt/microchip/xc8/v2.05/avr/bin/../lib/gcc/avr/5.4.0/../../../../avr/lib/avr5/libm.a(mulsf3.o)

.bss%z88        0x00800100        0x0 load address 0x000011a2
 .bss           0x00800100        0x0 /opt/microchip/xc8/v2.05/avr/bin/../lib/gcc/avr/5.4.0/../../../../avr/lib/avr5/libm.a(mulsf3.o)

.text.avrlibc.fplib
                0x0000118c        0x8
 .text.avrlibc.fplib
                0x0000118c        0x8 /opt/microchip/xc8/v2.05/avr/bin/../lib/gcc/avr/5.4.0/../../../../avr/lib/avr5/libm.a(mulsf3.o)
                0x0000118c                __mulsf3

.text%z89       0x00000000        0x0
 .text          0x00000000        0x0 /opt/microchip/xc8/v2.05/avr/bin/../lib/gcc/avr/5.4.0/../../../../avr/lib/avr5/libm.a(mulsf3x.o)

.data%z90       0x00800100        0x0 load address 0x000011a2
 .data          0x00800100        0x0 /opt/microchip/xc8/v2.05/avr/bin/../lib/gcc/avr/5.4.0/../../../../avr/lib/avr5/libm.a(mulsf3x.o)

.bss%z91        0x00800100        0x0 load address 0x000011a2
 .bss           0x00800100        0x0 /opt/microchip/xc8/v2.05/avr/bin/../lib/gcc/avr/5.4.0/../../../../avr/lib/avr5/libm.a(mulsf3x.o)

.text.avrlibc.fplib
                0x00000536       0xd2
 .text.avrlibc.fplib
                0x00000536       0xd2 /opt/microchip/xc8/v2.05/avr/bin/../lib/gcc/avr/5.4.0/../../../../avr/lib/avr5/libm.a(mulsf3x.o)
                0x00000554                __mulsf3x
                0x0000055a                __mulsf3_pse

.text%z92       0x00000000        0x0
 .text          0x00000000        0x0 /opt/microchip/xc8/v2.05/avr/bin/../lib/gcc/avr/5.4.0/../../../../avr/lib/avr5/libm.a(fp_inf.o)

.data%z93       0x00800100        0x0 load address 0x000011a2
 .data          0x00800100        0x0 /opt/microchip/xc8/v2.05/avr/bin/../lib/gcc/avr/5.4.0/../../../../avr/lib/avr5/libm.a(fp_inf.o)

.bss%z94        0x00800100        0x0 load address 0x000011a2
 .bss           0x00800100        0x0 /opt/microchip/xc8/v2.05/avr/bin/../lib/gcc/avr/5.4.0/../../../../avr/lib/avr5/libm.a(fp_inf.o)

.text.avrlibc.fplib
                0x00001176        0xc
 .text.avrlibc.fplib
                0x00001176        0xc /opt/microchip/xc8/v2.05/avr/bin/../lib/gcc/avr/5.4.0/../../../../avr/lib/avr5/libm.a(fp_inf.o)
                0x00001176                __fp_inf

.text%z95       0x00000000        0x0
 .text          0x00000000        0x0 /opt/microchip/xc8/v2.05/avr/bin/../lib/gcc/avr/5.4.0/../../../../avr/lib/avr5/libm.a(fp_nan.o)

.data%z96       0x00800100        0x0 load address 0x000011a2
 .data          0x00800100        0x0 /opt/microchip/xc8/v2.05/avr/bin/../lib/gcc/avr/5.4.0/../../../../avr/lib/avr5/libm.a(fp_nan.o)

.bss%z97        0x00800100        0x0 load address 0x000011a2
 .bss           0x00800100        0x0 /opt/microchip/xc8/v2.05/avr/bin/../lib/gcc/avr/5.4.0/../../../../avr/lib/avr5/libm.a(fp_nan.o)

.text.avrlibc.fplib
                0x00001194        0x6
 .text.avrlibc.fplib
                0x00001194        0x6 /opt/microchip/xc8/v2.05/avr/bin/../lib/gcc/avr/5.4.0/../../../../avr/lib/avr5/libm.a(fp_nan.o)
                0x00001194                __fp_nan

.text%z98       0x00000000        0x0
 .text          0x00000000        0x0 /opt/microchip/xc8/v2.05/avr/bin/../lib/gcc/avr/5.4.0/../../../../avr/lib/avr5/libm.a(fp_pscA.o)

.data%z99       0x00800100        0x0 load address 0x000011a2
 .data          0x00800100        0x0 /opt/microchip/xc8/v2.05/avr/bin/../lib/gcc/avr/5.4.0/../../../../avr/lib/avr5/libm.a(fp_pscA.o)

.bss%z100       0x00800100        0x0 load address 0x000011a2
 .bss           0x00800100        0x0 /opt/microchip/xc8/v2.05/avr/bin/../lib/gcc/avr/5.4.0/../../../../avr/lib/avr5/libm.a(fp_pscA.o)

.text.avrlibc.fplib
                0x00001140        0xe
 .text.avrlibc.fplib
                0x00001140        0xe /opt/microchip/xc8/v2.05/avr/bin/../lib/gcc/avr/5.4.0/../../../../avr/lib/avr5/libm.a(fp_pscA.o)
                0x00001140                __fp_pscA

.text%z101      0x00000000        0x0
 .text          0x00000000        0x0 /opt/microchip/xc8/v2.05/avr/bin/../lib/gcc/avr/5.4.0/../../../../avr/lib/avr5/libm.a(fp_pscB.o)

.data%z102      0x00800100        0x0 load address 0x000011a2
 .data          0x00800100        0x0 /opt/microchip/xc8/v2.05/avr/bin/../lib/gcc/avr/5.4.0/../../../../avr/lib/avr5/libm.a(fp_pscB.o)

.bss%z103       0x00800100        0x0 load address 0x000011a2
 .bss           0x00800100        0x0 /opt/microchip/xc8/v2.05/avr/bin/../lib/gcc/avr/5.4.0/../../../../avr/lib/avr5/libm.a(fp_pscB.o)

.text.avrlibc.fplib
                0x0000114e        0xe
 .text.avrlibc.fplib
                0x0000114e        0xe /opt/microchip/xc8/v2.05/avr/bin/../lib/gcc/avr/5.4.0/../../../../avr/lib/avr5/libm.a(fp_pscB.o)
                0x0000114e                __fp_pscB

.text%z104      0x00000000        0x0
 .text          0x00000000        0x0 /opt/microchip/xc8/v2.05/avr/bin/../lib/gcc/avr/5.4.0/../../../../avr/lib/avr5/libm.a(fp_round.o)

.data%z105      0x00800100        0x0 load address 0x000011a2
 .data          0x00800100        0x0 /opt/microchip/xc8/v2.05/avr/bin/../lib/gcc/avr/5.4.0/../../../../avr/lib/avr5/libm.a(fp_round.o)

.bss%z106       0x00800100        0x0 load address 0x000011a2
 .bss           0x00800100        0x0 /opt/microchip/xc8/v2.05/avr/bin/../lib/gcc/avr/5.4.0/../../../../avr/lib/avr5/libm.a(fp_round.o)

.text.avrlibc.fplib
                0x00000fbe       0x22
 .text.avrlibc.fplib
                0x00000fbe       0x22 /opt/microchip/xc8/v2.05/avr/bin/../lib/gcc/avr/5.4.0/../../../../avr/lib/avr5/libm.a(fp_round.o)
                0x00000fbe                __fp_round

.text%z107      0x00000000        0x0
 .text          0x00000000        0x0 /opt/microchip/xc8/v2.05/avr/bin/../lib/gcc/avr/5.4.0/../../../../avr/lib/avr5/libm.a(fp_split3.o)

.data%z108      0x00800100        0x0 load address 0x000011a2
 .data          0x00800100        0x0 /opt/microchip/xc8/v2.05/avr/bin/../lib/gcc/avr/5.4.0/../../../../avr/lib/avr5/libm.a(fp_split3.o)

.bss%z109       0x00800100        0x0 load address 0x000011a2
 .bss           0x00800100        0x0 /opt/microchip/xc8/v2.05/avr/bin/../lib/gcc/avr/5.4.0/../../../../avr/lib/avr5/libm.a(fp_split3.o)

.text.avrlibc.fplib
                0x00000d0e       0x44
 .text.avrlibc.fplib
                0x00000d0e       0x44 /opt/microchip/xc8/v2.05/avr/bin/../lib/gcc/avr/5.4.0/../../../../avr/lib/avr5/libm.a(fp_split3.o)
                0x00000d0e                __fp_split3
                0x00000d1e                __fp_splitA

.text%z110      0x00000000        0x0
 .text          0x00000000        0x0 /opt/microchip/xc8/v2.05/avr/bin/../lib/gcc/avr/5.4.0/../../../../avr/lib/avr5/libm.a(fp_zero.o)

.data%z111      0x00800100        0x0 load address 0x000011a2
 .data          0x00800100        0x0 /opt/microchip/xc8/v2.05/avr/bin/../lib/gcc/avr/5.4.0/../../../../avr/lib/avr5/libm.a(fp_zero.o)

.bss%z112       0x00800100        0x0 load address 0x000011a2
 .bss           0x00800100        0x0 /opt/microchip/xc8/v2.05/avr/bin/../lib/gcc/avr/5.4.0/../../../../avr/lib/avr5/libm.a(fp_zero.o)

.text.avrlibc.fplib
                0x0000115c        0xe
 .text.avrlibc.fplib
                0x0000115c        0xe /opt/microchip/xc8/v2.05/avr/bin/../lib/gcc/avr/5.4.0/../../../../avr/lib/avr5/libm.a(fp_zero.o)
                0x0000115c                __fp_zero
                0x0000115e                __fp_szero
